############### A ###################
ABX[]	~		3A	
DAA[]	~		19	
NOP[]	~		12	
RTI[]	~		3B	
RTS[]	~		39	
############### A1 ###################
SYN[C]	~		13	
############### A2 ###################
SEX[W]	~		14	*
SEX[]	~		1D	
############### B ###################
ADC[R]	r,r		10 31	*
ADC[A]	#		89	
ADC[A]	dp		99	
ADC[A]	ix		A9	
ADC[A]	ex		B9	
ADC[B]	#		C9	
ADC[B]	dp		D9	
ADC[B]	ix		E9	
ADC[B]	ex		F9	
ADC[D]	#		10 89	*
ADC[D]	dp		10 99	*
ADC[D]	ix		10 A9	*
ADC[D]	ex		10 B9	*
EOR[R]	r,r		10 36	*
EOR[A]	#		88	
EOR[A]	dp		98	
EOR[A]	ix		A8	
EOR[A]	ex		B8	
EOR[B]	#		C8	
EOR[B]	dp		D8	
EOR[B]	ix		E8	
EOR[B]	ex		F8	
EOR[D]	#		10 88	*
EOR[D]	dp		10 98	*
EOR[D]	ix		10 A8	*
EOR[D]	ex		10 B8	*
SBC[R]	r,r		10 33	*
SBC[A]	#		82	
SBC[A]	dp		92	
SBC[A]	ix		A2	
SBC[A]	ex		B2	
SBC[B]	#		C2	
SBC[B]	dp		D2	
SBC[B]	ix		E2	
SBC[B]	ex		F2	
SBC[D]	#		10 82	*
SBC[D]	dp		10 92	*
SBC[D]	ix		10 A2	*
SBC[D]	ex		10 B2	*
############### B2 ###################
AND[CC]	#		1C	
AND[R]	r,r		10 34	*
AND[A]	#		84	
AND[A]	dp		94	
AND[A]	ix		A4	
AND[A]	ex		B4	
AND[B]	#		C4	
AND[B]	dp		D4	
AND[B]	ix		E4	
AND[B]	ex		F4	
AND[D]	#		10 84	*
AND[D]	dp		10 94	*
AND[D]	ix		10 A4	*
AND[D]	ex		10 B4	*
OR[CC]	#		1A	
OR[R]	r,r		10 35	*
OR[A]	#		8A	
OR[A]	dp		9A	
OR[A]	ix		AA	
OR[A]	ex		BA	
OR[B]	#		CA	
OR[B]	dp		DA	
OR[B]	ix		EA	
OR[B]	ex		FA	
OR[D]	#		10 8A	*
OR[D]	dp		10 9A	*
OR[D]	ix		10 AA	*
OR[D]	ex		10 BA	*
############### C ###################
ADD[D]	#		C3	
ADD[D]	dp		D3	
ADD[D]	ix		E3	
ADD[D]	ex		F3	
ADD[A]	#		8B	
ADD[A]	dp		9B	
ADD[A]	ix		AB	
ADD[A]	ex		BB	
ADD[B]	#		CB	
ADD[B]	dp		DB	
ADD[B]	ix		EB	
ADD[B]	ex		FB	
ADD[E]	#		11 8B	*
ADD[E]	dp		11 9B	*
ADD[E]	ix		11 AB	*
ADD[E]	ex		11 BB	*
ADD[F]	#		11 CB	*
ADD[F]	dp		11 DB	*
ADD[F]	ix		11 EB	*
ADD[F]	ex		11 FB	*
ADD[W]	#		10 8B	*
ADD[W]	dp		10 9B	*
ADD[W]	ix		10 AB	*
ADD[W]	ex		10 BB	*
ADD[R]	r,r		10 30	*
############### D ###################
AIM[]	dp		02	*
AIM[]	ix		62	*
AIM[]	ex		72	*
EIM[]	dp		05	*
EIM[]	ix		65	*
EIM[]	ex		75	*
OIM[]	dp		01	*
OIM[]	ix		61	*
OIM[]	ex		71	*
TIM[]	dp		0B	*
TIM[]	ix		6B	*
TIM[]	ex		7B	*
############### E ###################
CWA[I]	#		3C	
############### F ###################
NEG[A]	~		40	
NEG[B]	~		50	
NEG[D]	~		10 40	*
NEG[]	dp		00	
NEG[]	ix		60	
NEG[]	ex		70	
ASL[A]	~		48	
ASL[B]	~		58	
ASL[D]	~		10 48	*
ASL[]	dp		08	
ASL[]	ix		68	
ASL[]	ex		78	
ASR[A]	~		47	
ASR[B]	~		57	
ASR[D]	~		10 47	*
ASR[]	dp		07	
ASR[]	ix		67	
ASR[]	ex		77	
LSL[A]	~		48	
LSL[B]	~		58	
LSL[D]	~		10 48	*
LSL[]	dp		08	
LSL[]	ix		68	
LSL[]	ex		78	
############### G ###################
BIT[MD]	#		11 3C	*
BIT[A]	#		85	
BIT[A]	dp		95	
BIT[A]	ix		A5	
BIT[A]	ex		B5	
BIT[B]	#		C5	
BIT[B]	dp		D5	
BIT[B]	ix		E5	
BIT[B]	ex		F5	
BIT[D]	#		10 85	
BIT[D]	dp		10 95	
BIT[D]	ix		10 A5	
BIT[D]	ex		10 B5	
############### H ###################
CLR[A]	~		4F	
CLR[B]	~		5F	
CLR[D]	~		10 4F	
CLR[E]	~		11 4F	*
CLR[F]	~		11 5F	*
CLR[W]	~		10 5F	*
CLR[]	dp		0F	
CLR[]	ix		6F	
CLR[]	ex		7F	
COM[A]	~		43	
COM[B]	~		53	
COM[D]	~		10 43	
COM[E]	~		11 43	*
COM[F]	~		11 53	*
COM[W]	~		10 53	*
COM[]	dp		03	
COM[]	ix		63	
COM[]	ex		73	
DEC[A]	~		4A	
DEC[B]	~		5A	
DEC[D]	~		10 4A	
DEC[E]	~		11 4A	*
DEC[F]	~		11 5A	*
DEC[W]	~		10 5A	*
DEC[]	dp		0A	
DEC[]	ix		6A	
DEC[]	ex		7A	
INC[A]	~		4C	
INC[B]	~		5C	
INC[D]	~		10 4C	
INC[E]	~		11 4C	*
INC[F]	~		11 5C	*
INC[W]	~		10 5C	*
INC[]	dp		0C	
INC[]	ix		6C	
INC[]	ex		7C	
TST[A]	~		4D	
TST[B]	~		5D	
TST[D]	~		10 4D	
TST[E]	~		11 4D	*
TST[F]	~		11 5D	*
TST[W]	~		10 5D	*
TST[]	dp		0D	
TST[]	ix		6D	
TST[]	ex		7D	
############### I ###################
CMP[S]	#		11 8C	
CMP[S]	dp		11 9C	
CMP[S]	ix		11 AC	
CMP[S]	ex		11 BC	
CMP[U]	#		11 83	
CMP[U]	dp		11 93	
CMP[U]	ix		11 A3	
CMP[U]	ex		11 B3	
CMP[X]	#		8C	
CMP[X]	dp		9C	
CMP[X]	ix		AC	
CMP[X]	ex		BC	
CMP[Y]	#		10 8C	
CMP[Y]	dp		10 9C	
CMP[Y]	ix		10 AC	
CMP[Y]	ex		10 BC	
CMP[D]	#		10 83	
CMP[D]	dp		10 93	
CMP[D]	ix		10 A3	
CMP[D]	ex		10 B3	
CMP[A]	#		81	
CMP[A]	dp		91	
CMP[A]	ix		A1	
CMP[A]	ex		B1	
CMP[B]	#		C1	
CMP[B]	dp		D1	
CMP[B]	ix		E1	
CMP[B]	ex		F1	
CMP[E]	#		11 81	*
CMP[E]	dp		11 91	*
CMP[E]	ix		11 A1	*
CMP[E]	ex		11 B1	*
CMP[F]	#		11 C1	*
CMP[F]	dp		11 D1	*
CMP[F]	ix		11 E1	*
CMP[F]	ex		11 F1	*
CMP[W]	#		10 81	*
CMP[W]	dp		10 91	*
CMP[W]	ix		10 A1	*
CMP[W]	ex		10 B1	*
CMP[R]	r,r		10 37	*
############### J ###################
DIV[D]	#		11 8D	*
DIV[D]	dp		11 9D	*
DIV[D]	ix		11 AD	*
DIV[D]	ex		11 BD	*
DIV[Q]	#		11 8E	*
DIV[Q]	dp		11 9E	*
DIV[Q]	ix		11 AE	*
DIV[Q]	ex		11 BE	*
############### K ###################
EXG[]	r,r		1E	
TFR[]	r,r		1F	
############### L ###################
JMP[]	dp		0E	
JMP[]	ix		6E	
JMP[]	ex		7E	
############### M ###################
JSR[]	dp		9D	
JSR[]	ix		AD	
JSR[]	ex		BD	
############### N ###################
LD[MD]	#		11 3D	*
LD[Q]	#		10 CC	*
LD[Q]	dp		10 DC	*
LD[Q]	ix		10 EC	*
LD[Q]	ex		10 FC	*
LD[BT]	rr.n,qq.k	11 36	*
LD[A]	#		86	
LD[A]	dp		96	
LD[A]	ix		A6	
LD[A]	ex		B6	
LD[B]	#		C6	
LD[B]	dp		D6	
LD[B]	ix		E6	
LD[B]	ex		F6	
LD[D]	#		CC	
LD[D]	dp		DC	
LD[D]	ix		EC	
LD[D]	ex		FC	
LD[E]	#		11 86	*
LD[E]	dp		11 96	*
LD[E]	ix		11 A6	*
LD[E]	ex		11 B6	*
LD[F]	#		11 C6	*
LD[F]	dp		11 D6	*
LD[F]	ix		11 E6	*
LD[F]	ex		11 F6	*
LD[W]	#		10 86	*
LD[W]	dp		10 96	*
LD[W]	ix		10 A6	*
LD[W]	ex		10 B6	*
LD[S]	#		10 CE	
LD[S]	dp		10 DE	
LD[S]	ix		10 EE	
LD[S]	ex		10 FE	
LD[U]	#		CE	
LD[U]	dp		DE	
LD[U]	ix		EE	
LD[U]	ex		FE	
LD[X]	#		8E	
LD[X]	dp		9E	
LD[X]	ix		AE	
LD[X]	ex		BE	
LD[Y]	#		10 8E	
LD[Y]	dp		10 9E	
LD[Y]	ix		10 AE	
LD[Y]	ex		10 BE	
############### P ###################
LEA[S]	ix		32	
LEA[U]	ix		33	
LEA[X]	ix		30	
LEA[Y]	ix		31	
############### Q ###################
LSR[A]	~		44	
LSR[B]	~		54	
LSR[D]	~		10 44	*
LSR[W]	~		10 54	*
LSR[]	dp		04	
LSR[]	ix		64	
LSR[]	ex		74	
ROL[A]	~		49	
ROL[B]	~		59	
ROL[D]	~		10 49	*
ROL[W]	~		10 59	*
ROL[]	dp		09	
ROL[]	ix		69	
ROL[]	ex		79	
ROR[A]	~		46	
ROR[B]	~		56	
ROR[D]	~		10 46	*
ROR[W]	~		10 56	*
ROR[]	dp		06	
ROR[]	ix		66	
ROR[]	ex		76	
############### R ###################
MUL[D]	#		11 8F	*
MUL[D]	dp		11 9F	*
MUL[D]	ix		11 AF	*
MUL[D]	ex		11 BF	*
MUL[]	~		3D	
############### S ###################
PSH[S]	st		34	
PSH[S][W]	st		38
PSH[U]	st		36	
PSH[U][W]	st		3A
PUL[S]	st		35	
PUL[S][W]	st		39
PUL[U]	st		37	
PUL[U][W]	st		3B
############### T ###################
ST[Q]	dp		10 DD	*
ST[Q]	ix		10 ED	*
ST[Q]	ex		10 FD	*
ST[BT]	rr.n,qq.k	11 37	*
ST[A]	dp		97	
ST[A]	ix		A7	
ST[A]	ex		B7	
ST[B]	dp		D7	
ST[B]	ix		E7	
ST[B]	ex		F7	
ST[D]	dp		DD	
ST[D]	ix		ED	
ST[D]	ex		FD	
ST[E]	dp		11 97	*
ST[E]	ix		11 A7	*
ST[E]	ex		11 B7	*
ST[F]	dp		11 D7	*
ST[F]	ix		11 E7	*
ST[F]	ex		11 F7	*
ST[W]	dp		10 97	*
ST[W]	ix		10 A7	*
ST[W]	ex		10 B7	*
ST[S]	dp		10 DF	
ST[S]	ix		10 EF	
ST[S]	ex		10 FF	
ST[U]	dp		DF	
ST[U]	ix		EF	
ST[U]	ex		FF	
ST[X]	dp		9F	
ST[X]	ix		AF	
ST[X]	ex		BF	
ST[Y]	dp		10 9F	
ST[Y]	ix		10 AF	
ST[Y]	ex		10 BF	
############### U ###################
BCC[]	rel		24	
LBCC[]	rel16		24	
BCS[]	rel		25	
LBCS[]	rel16		25	
BEQ[]	rel		27	
LBEQ[]	rel16		27	
BGE[]	rel		2C	
LBGE[]	rel16		2C	
BGT[]	rel		2E	
LBGT[]	rel16		2E	
BHI[]	rel		22	
LBHI[]	rel16		22	
BHS[]	rel		24	
LBHS[]	rel16		24	
BLE[]	rel		2F	
LBLE[]	rel16		2F	
BLO[]	rel		25	
LBLO[]	rel16		25	
BLS[]	rel		23	
LBLS[]	rel16		23	
BLT[]	rel		2D	
LBLT[]	rel16		2D	
BMI[]	rel		2B	
LBMI[]	rel16		2B	
BNE[]	rel		26	
LBNE[]	rel16		26	
BPL[]	rel		2A	
LBPL[]	rel16		2A	
BRA[]	rel		20	
LBRA[]	rel16		16	
BRN[]	rel		21	
LBRN[]	rel16		21	
BSR[]	rel		8D	
LBSR[]	rel16		17	
BVC[]	rel		28	
LBVC[]	rel16		28	
BVS[]	rel		29	
LBVS[]	rel16		29	
############### W ###################
BOR[]	rr.n,qq.k	11 32	*
############### W1 ###################
BAN[D]	rr.n,qq.k	11 30	*
############### W2 ###################
BIA[ND]	rr.n,qq.k	11 31	*
############### W3 ###################
BIO[R]	rr.n,qq.k	11 33	*
############### W4 ###################
BEO[R]	rr.n,qq.k	11 34	*
############### W5 ###################
BIE[OR]	rr.n,qq.k	11 35	*
############### X ###################
TFM[]	r+,r+		11 38	*
TFM[]	r-,r-		11 39	*
TFM[]	r+,r		11 3A	*
TFM[]	r,r+		11 3B	*
############### Y ###################
SWI[2]	~		10 3F	
SWI[3]	~		11 3F	
SWI[]	~		3F	
############### Z ###################
SUB[D]	#		83	
SUB[D]	dp		93	
SUB[D]	ix		A3	
SUB[D]	ex		B3	
SUB[A]	#		80	
SUB[A]	dp		90	
SUB[A]	ix		A0	
SUB[A]	ex		B0	
SUB[B]	#		C0	
SUB[B]	dp		D0	
SUB[B]	ix		E0	
SUB[B]	ex		F0	
SUB[E]	#		11 80	*
SUB[E]	dp		11 90	*
SUB[E]	ix		11 A0	*
SUB[E]	ex		11 B0	*
SUB[F]	#		11 C0	*
SUB[F]	dp		11 D0	*
SUB[F]	ix		11 E0	*
SUB[F]	ex		11 F0	*
SUB[W]	#		10 80	*
SUB[W]	dp		10 90	*
SUB[W]	ix		10 A0	*
SUB[W]	ex		10 B0	*
SUB[R]	r,r		10 32	*


+------+-------+-----------+------+      +------+-------+-----------+------+
|   op |  mnem |      mode | 6309 |      |   op |  mnem |      mode | 6309 |
+------+-------+-----------+------+      +------+-------+-----------+------+
| 0000 |   NEG |        dp |      |      | 0020 |   BRA |       rel |      |
+------+-------+-----------+------+      +------+-------+-----------+------+
| 0001 |   OIM |        dp |    * |      | 0021 |   BRN |       rel |      |
+------+-------+-----------+------+      +------+-------+-----------+------+
| 0002 |   AIM |        dp |    * |      | 0022 |   BHI |       rel |      |
+------+-------+-----------+------+      +------+-------+-----------+------+
| 0003 |   COM |        dp |      |      | 0023 |   BLS |       rel |      |
+------+-------+-----------+------+      +------+-------+-----------+------+
| 0004 |   LSR |        dp |      |      | 0024 |   BHS |       rel |      |
+------+-------+-----------+------+      +------+-------+-----------+------+
| 0005 |   EIM |        dp |    * |      | 0025 |   BLO |       rel |      |
+------+-------+-----------+------+      +------+-------+-----------+------+
| 0006 |   ROR |        dp |      |      | 0026 |   BNE |       rel |      |
+------+-------+-----------+------+      +------+-------+-----------+------+
| 0007 |   ASR |        dp |      |      | 0027 |   BEQ |       rel |      |
+------+-------+-----------+------+      +------+-------+-----------+------+
| 0008 |   LSL |        dp |      |      | 0028 |   BVC |       rel |      |
+------+-------+-----------+------+      +------+-------+-----------+------+
| 0009 |   ROL |        dp |      |      | 0029 |   BVS |       rel |      |
+------+-------+-----------+------+      +------+-------+-----------+------+
| 000A |   DEC |        dp |      |      | 002A |   BPL |       rel |      |
+------+-------+-----------+------+      +------+-------+-----------+------+
| 000B |   TIM |        dp |    * |      | 002B |   BMI |       rel |      |
+------+-------+-----------+------+      +------+-------+-----------+------+
| 000C |   INC |        dp |      |      | 002C |   BGE |       rel |      |
+------+-------+-----------+------+      +------+-------+-----------+------+
| 000D |   TST |        dp |      |      | 002D |   BLT |       rel |      |
+------+-------+-----------+------+      +------+-------+-----------+------+
| 000E |   JMP |        dp |      |      | 002E |   BGT |       rel |      |
+------+-------+-----------+------+      +------+-------+-----------+------+
| 000F |   CLR |        dp |      |      | 002F |   BLE |       rel |      |
+------+-------+-----------+------+      +------+-------+-----------+------+
| 0010 |                          |      | 0030 |  LEAX |        ix |      |
+------+-------+-----------+------+      +------+-------+-----------+------+
| 0011 |                          |      | 0031 |  LEAY |        ix |      |
+------+-------+-----------+------+      +------+-------+-----------+------+
| 0012 |   NOP |         ~ |      |      | 0032 |  LEAS |        ix |      |
+------+-------+-----------+------+      +------+-------+-----------+------+
| 0013 |  SYNC |         ~ |      |      | 0033 |  LEAU |        ix |      |
+------+-------+-----------+------+      +------+-------+-----------+------+
| 0014 |  SEXW |         ~ |    * |      | 0034 |  PSHS |        st |      |
+------+-------+-----------+------+      +------+-------+-----------+------+
| 0015 |                          |      | 0035 |  PULS |        st |      |
+------+-------+-----------+------+      +------+-------+-----------+------+
| 0016 |  LBRA |     rel16 |      |      | 0036 |  PSHU |        st |      |
+------+-------+-----------+------+      +------+-------+-----------+------+
| 0017 |  LBSR |     rel16 |      |      | 0037 |  PULU |        st |      |
+------+-------+-----------+------+      +------+-------+-----------+------+
| 0018 |                          |      | 0038 | PSHSW |        st |      |
+------+-------+-----------+------+      +------+-------+-----------+------+
| 0019 |   DAA |         ~ |      |      | 0039 | PULSW |        st |      |
+------+-------+-----------+------+      +------+-------+-----------+------+
| 001A |  ORCC |         # |      |      | 003A | PSHUW |        st |      |
+------+-------+-----------+------+      +------+-------+-----------+------+
| 001B |                          |      | 003B | PULUW |        st |      |
+------+-------+-----------+------+      +------+-------+-----------+------+
| 001C | ANDCC |         # |      |      | 003C |  CWAI |         # |      |
+------+-------+-----------+------+      +------+-------+-----------+------+
| 001D |   SEX |         ~ |      |      | 003D |   MUL |         ~ |      |
+------+-------+-----------+------+      +------+-------+-----------+------+
| 001E |   EXG |       r,r |      |      | 003E |                          |
+------+-------+-----------+------+      +------+-------+-----------+------+
| 001F |   TFR |       r,r |      |      | 003F |   SWI |         ~ |      |
+------+-------+-----------+------+      +------+-------+-----------+------+


+------+-------+-----------+------+      +------+-------+-----------+------+
|   op |  mnem |      mode | 6309 |      |   op |  mnem |      mode | 6309 |
+------+-------+-----------+------+      +------+-------+-----------+------+
| 0040 |  NEGA |         ~ |      |      | 0060 |   NEG |        ix |      |
+------+-------+-----------+------+      +------+-------+-----------+------+
| 0041 |                          |      | 0061 |   OIM |        ix |    * |
+------+-------+-----------+------+      +------+-------+-----------+------+
| 0042 |                          |      | 0062 |   AIM |        ix |    * |
+------+-------+-----------+------+      +------+-------+-----------+------+
| 0043 |  COMA |         ~ |      |      | 0063 |   COM |        ix |      |
+------+-------+-----------+------+      +------+-------+-----------+------+
| 0044 |  LSRA |         ~ |      |      | 0064 |   LSR |        ix |      |
+------+-------+-----------+------+      +------+-------+-----------+------+
| 0045 |                          |      | 0065 |   EIM |        ix |    * |
+------+-------+-----------+------+      +------+-------+-----------+------+
| 0046 |  RORA |         ~ |      |      | 0066 |   ROR |        ix |      |
+------+-------+-----------+------+      +------+-------+-----------+------+
| 0047 |  ASRA |         ~ |      |      | 0067 |   ASR |        ix |      |
+------+-------+-----------+------+      +------+-------+-----------+------+
| 0048 |  LSLA |         ~ |      |      | 0068 |   LSL |        ix |      |
+------+-------+-----------+------+      +------+-------+-----------+------+
| 0049 |  ROLA |         ~ |      |      | 0069 |   ROL |        ix |      |
+------+-------+-----------+------+      +------+-------+-----------+------+
| 004A |  DECA |         ~ |      |      | 006A |   DEC |        ix |      |
+------+-------+-----------+------+      +------+-------+-----------+------+
| 004B |                          |      | 006B |   TIM |        ix |    * |
+------+-------+-----------+------+      +------+-------+-----------+------+
| 004C |  INCA |         ~ |      |      | 006C |   INC |        ix |      |
+------+-------+-----------+------+      +------+-------+-----------+------+
| 004D |  TSTA |         ~ |      |      | 006D |   TST |        ix |      |
+------+-------+-----------+------+      +------+-------+-----------+------+
| 004E |                          |      | 006E |   JMP |        ix |      |
+------+-------+-----------+------+      +------+-------+-----------+------+
| 004F |  CLRA |         ~ |      |      | 006F |   CLR |        ix |      |
+------+-------+-----------+------+      +------+-------+-----------+------+
| 0050 |  NEGB |         ~ |      |      | 0070 |   NEG |        ex |      |
+------+-------+-----------+------+      +------+-------+-----------+------+
| 0051 |                          |      | 0071 |   OIM |        ex |    * |
+------+-------+-----------+------+      +------+-------+-----------+------+
| 0052 |                          |      | 0072 |   AIM |        ex |    * |
+------+-------+-----------+------+      +------+-------+-----------+------+
| 0053 |  COMB |         ~ |      |      | 0073 |   COM |        ex |      |
+------+-------+-----------+------+      +------+-------+-----------+------+
| 0054 |  LSRB |         ~ |      |      | 0074 |   LSR |        ex |      |
+------+-------+-----------+------+      +------+-------+-----------+------+
| 0055 |                          |      | 0075 |   EIM |        ex |    * |
+------+-------+-----------+------+      +------+-------+-----------+------+
| 0056 |  RORB |         ~ |      |      | 0076 |   ROR |        ex |      |
+------+-------+-----------+------+      +------+-------+-----------+------+
| 0057 |  ASRB |         ~ |      |      | 0077 |   ASR |        ex |      |
+------+-------+-----------+------+      +------+-------+-----------+------+
| 0058 |  LSLB |         ~ |      |      | 0078 |   LSL |        ex |      |
+------+-------+-----------+------+      +------+-------+-----------+------+
| 0059 |  ROLB |         ~ |      |      | 0079 |   ROL |        ex |      |
+------+-------+-----------+------+      +------+-------+-----------+------+
| 005A |  DECB |         ~ |      |      | 007A |   DEC |        ex |      |
+------+-------+-----------+------+      +------+-------+-----------+------+
| 005B |                          |      | 007B |   TIM |        ex |    * |
+------+-------+-----------+------+      +------+-------+-----------+------+
| 005C |  INCB |         ~ |      |      | 007C |   INC |        ex |      |
+------+-------+-----------+------+      +------+-------+-----------+------+
| 005D |  TSTB |         ~ |      |      | 007D |   TST |        ex |      |
+------+-------+-----------+------+      +------+-------+-----------+------+
| 005E |                          |      | 007E |   JMP |        ex |      |
+------+-------+-----------+------+      +------+-------+-----------+------+
| 005F |  CLRB |         ~ |      |      | 007F |   CLR |        ex |      |
+------+-------+-----------+------+      +------+-------+-----------+------+


+------+-------+-----------+------+      +------+-------+-----------+------+
|   op |  mnem |      mode | 6309 |      |   op |  mnem |      mode | 6309 |
+------+-------+-----------+------+      +------+-------+-----------+------+
| 0080 |  SUBA |         # |      |      | 00A0 |  SUBA |        ix |      |
+------+-------+-----------+------+      +------+-------+-----------+------+
| 0081 |  CMPA |         # |      |      | 00A1 |  CMPA |        ix |      |
+------+-------+-----------+------+      +------+-------+-----------+------+
| 0082 |  SBCA |         # |      |      | 00A2 |  SBCA |        ix |      |
+------+-------+-----------+------+      +------+-------+-----------+------+
| 0083 |  SUBD |         # |      |      | 00A3 |  SUBD |        ix |      |
+------+-------+-----------+------+      +------+-------+-----------+------+
| 0084 |  ANDA |         # |      |      | 00A4 |  ANDA |        ix |      |
+------+-------+-----------+------+      +------+-------+-----------+------+
| 0085 |  BITA |         # |      |      | 00A5 |  BITA |        ix |      |
+------+-------+-----------+------+      +------+-------+-----------+------+
| 0086 |   LDA |         # |      |      | 00A6 |   LDA |        ix |      |
+------+-------+-----------+------+      +------+-------+-----------+------+
| 0087 |                          |      | 00A7 |   STA |        ix |      |
+------+-------+-----------+------+      +------+-------+-----------+------+
| 0088 |  EORA |         # |      |      | 00A8 |  EORA |        ix |      |
+------+-------+-----------+------+      +------+-------+-----------+------+
| 0089 |  ADCA |         # |      |      | 00A9 |  ADCA |        ix |      |
+------+-------+-----------+------+      +------+-------+-----------+------+
| 008A |   ORA |         # |      |      | 00AA |   ORA |        ix |      |
+------+-------+-----------+------+      +------+-------+-----------+------+
| 008B |  ADDA |         # |      |      | 00AB |  ADDA |        ix |      |
+------+-------+-----------+------+      +------+-------+-----------+------+
| 008C |  CMPX |         # |      |      | 00AC |  CMPX |        ix |      |
+------+-------+-----------+------+      +------+-------+-----------+------+
| 008D |   BSR |       rel |      |      | 00AD |   JSR |        ix |      |
+------+-------+-----------+------+      +------+-------+-----------+------+
| 008E |   LDX |         # |      |      | 00AE |   LDX |        ix |      |
+------+-------+-----------+------+      +------+-------+-----------+------+
| 008F |                          |      | 00AF |   STX |        ix |      |
+------+-------+-----------+------+      +------+-------+-----------+------+
| 0090 |  SUBA |        dp |      |      | 00B0 |  SUBA |        ex |      |
+------+-------+-----------+------+      +------+-------+-----------+------+
| 0091 |  CMPA |        dp |      |      | 00B1 |  CMPA |        ex |      |
+------+-------+-----------+------+      +------+-------+-----------+------+
| 0092 |  SBCA |        dp |      |      | 00B2 |  SBCA |        ex |      |
+------+-------+-----------+------+      +------+-------+-----------+------+
| 0093 |  SUBD |        dp |      |      | 00B3 |  SUBD |        ex |      |
+------+-------+-----------+------+      +------+-------+-----------+------+
| 0094 |  ANDA |        dp |      |      | 00B4 |  ANDA |        ex |      |
+------+-------+-----------+------+      +------+-------+-----------+------+
| 0095 |  BITA |        dp |      |      | 00B5 |  BITA |        ex |      |
+------+-------+-----------+------+      +------+-------+-----------+------+
| 0096 |   LDA |        dp |      |      | 00B6 |   LDA |        ex |      |
+------+-------+-----------+------+      +------+-------+-----------+------+
| 0097 |   STA |        dp |      |      | 00B7 |   STA |        ex |      |
+------+-------+-----------+------+      +------+-------+-----------+------+
| 0098 |  EORA |        dp |      |      | 00B8 |  EORA |        ex |      |
+------+-------+-----------+------+      +------+-------+-----------+------+
| 0099 |  ADCA |        dp |      |      | 00B9 |  ADCA |        ex |      |
+------+-------+-----------+------+      +------+-------+-----------+------+
| 009A |   ORA |        dp |      |      | 00BA |   ORA |        ex |      |
+------+-------+-----------+------+      +------+-------+-----------+------+
| 009B |  ADDA |        dp |      |      | 00BB |  ADDA |        ex |      |
+------+-------+-----------+------+      +------+-------+-----------+------+
| 009C |  CMPX |        dp |      |      | 00BC |  CMPX |        ex |      |
+------+-------+-----------+------+      +------+-------+-----------+------+
| 009D |   JSR |        dp |      |      | 00BD |   JSR |        ex |      |
+------+-------+-----------+------+      +------+-------+-----------+------+
| 009E |   LDX |        dp |      |      | 00BE |   LDX |        ex |      |
+------+-------+-----------+------+      +------+-------+-----------+------+
| 009F |   STX |        dp |      |      | 00BF |   STX |        ex |      |
+------+-------+-----------+------+      +------+-------+-----------+------+


+------+-------+-----------+------+      +------+-------+-----------+------+
|   op |  mnem |      mode | 6309 |      |   op |  mnem |      mode | 6309 |
+------+-------+-----------+------+      +------+-------+-----------+------+
| 00C0 |  SUBB |         # |      |      | 00E0 |  SUBB |        ix |      |
+------+-------+-----------+------+      +------+-------+-----------+------+
| 00C1 |  CMPB |         # |      |      | 00E1 |  CMPB |        ix |      |
+------+-------+-----------+------+      +------+-------+-----------+------+
| 00C2 |  SBCB |         # |      |      | 00E2 |  SBCB |        ix |      |
+------+-------+-----------+------+      +------+-------+-----------+------+
| 00C3 |  ADDD |         # |      |      | 00E3 |  ADDD |        ix |      |
+------+-------+-----------+------+      +------+-------+-----------+------+
| 00C4 |  ANDB |         # |      |      | 00E4 |  ANDB |        ix |      |
+------+-------+-----------+------+      +------+-------+-----------+------+
| 00C5 |  BITB |         # |      |      | 00E5 |  BITB |        ix |      |
+------+-------+-----------+------+      +------+-------+-----------+------+
| 00C6 |   LDB |         # |      |      | 00E6 |   LDB |        ix |      |
+------+-------+-----------+------+      +------+-------+-----------+------+
| 00C7 |                          |      | 00E7 |   STB |        ix |      |
+------+-------+-----------+------+      +------+-------+-----------+------+
| 00C8 |  EORB |         # |      |      | 00E8 |  EORB |        ix |      |
+------+-------+-----------+------+      +------+-------+-----------+------+
| 00C9 |  ADCB |         # |      |      | 00E9 |  ADCB |        ix |      |
+------+-------+-----------+------+      +------+-------+-----------+------+
| 00CA |   ORB |         # |      |      | 00EA |   ORB |        ix |      |
+------+-------+-----------+------+      +------+-------+-----------+------+
| 00CB |  ADDB |         # |      |      | 00EB |  ADDB |        ix |      |
+------+-------+-----------+------+      +------+-------+-----------+------+
| 00CC |   LDD |         # |      |      | 00EC |   LDD |        ix |      |
+------+-------+-----------+------+      +------+-------+-----------+------+
| 00CD |                          |      | 00ED |   STD |        ix |      |
+------+-------+-----------+------+      +------+-------+-----------+------+
| 00CE |   LDU |         # |      |      | 00EE |   LDU |        ix |      |
+------+-------+-----------+------+      +------+-------+-----------+------+
| 00CF |                          |      | 00EF |   STU |        ix |      |
+------+-------+-----------+------+      +------+-------+-----------+------+
| 00D0 |  SUBB |        dp |      |      | 00F0 |  SUBB |        ex |      |
+------+-------+-----------+------+      +------+-------+-----------+------+
| 00D1 |  CMPB |        dp |      |      | 00F1 |  CMPB |        ex |      |
+------+-------+-----------+------+      +------+-------+-----------+------+
| 00D2 |  SBCB |        dp |      |      | 00F2 |  SBCB |        ex |      |
+------+-------+-----------+------+      +------+-------+-----------+------+
| 00D3 |  ADDD |        dp |      |      | 00F3 |  ADDD |        ex |      |
+------+-------+-----------+------+      +------+-------+-----------+------+
| 00D4 |  ANDB |        dp |      |      | 00F4 |  ANDB |        ex |      |
+------+-------+-----------+------+      +------+-------+-----------+------+
| 00D5 |  BITB |        dp |      |      | 00F5 |  BITB |        ex |      |
+------+-------+-----------+------+      +------+-------+-----------+------+
| 00D6 |   LDB |        dp |      |      | 00F6 |   LDB |        ex |      |
+------+-------+-----------+------+      +------+-------+-----------+------+
| 00D7 |   STB |        dp |      |      | 00F7 |   STB |        ex |      |
+------+-------+-----------+------+      +------+-------+-----------+------+
| 00D8 |  EORB |        dp |      |      | 00F8 |  EORB |        ex |      |
+------+-------+-----------+------+      +------+-------+-----------+------+
| 00D9 |  ADCB |        dp |      |      | 00F9 |  ADCB |        ex |      |
+------+-------+-----------+------+      +------+-------+-----------+------+
| 00DA |   ORB |        dp |      |      | 00FA |   ORB |        ex |      |
+------+-------+-----------+------+      +------+-------+-----------+------+
| 00DB |  ADDB |        dp |      |      | 00FB |  ADDB |        ex |      |
+------+-------+-----------+------+      +------+-------+-----------+------+
| 00DC |   LDD |        dp |      |      | 00FC |   LDD |        ex |      |
+------+-------+-----------+------+      +------+-------+-----------+------+
| 00DD |   STD |        dp |      |      | 00FD |   STD |        ex |      |
+------+-------+-----------+------+      +------+-------+-----------+------+
| 00DE |   LDU |        dp |      |      | 00FE |   LDU |        ex |      |
+------+-------+-----------+------+      +------+-------+-----------+------+
| 00DF |   STU |        dp |      |      | 00FF |   STU |        ex |      |
+------+-------+-----------+------+      +------+-------+-----------+------+


+------+-------+-----------+------+      +------+-------+-----------+------+
|   op |  mnem |      mode | 6309 |      |   op |  mnem |      mode | 6309 |
+------+-------+-----------+------+      +------+-------+-----------+------+
| 1000 |                          |      | 1020 |                          |
+------+-------+-----------+------+      +------+-------+-----------+------+
| 1001 |                          |      | 1021 |  LBRN |     rel16 |      |
+------+-------+-----------+------+      +------+-------+-----------+------+
| 1002 |                          |      | 1022 |  LBHI |     rel16 |      |
+------+-------+-----------+------+      +------+-------+-----------+------+
| 1003 |                          |      | 1023 |  LBLS |     rel16 |      |
+------+-------+-----------+------+      +------+-------+-----------+------+
| 1004 |                          |      | 1024 |  LBHS |     rel16 |      |
+------+-------+-----------+------+      +------+-------+-----------+------+
| 1005 |                          |      | 1025 |  LBLO |     rel16 |      |
+------+-------+-----------+------+      +------+-------+-----------+------+
| 1006 |                          |      | 1026 |  LBNE |     rel16 |      |
+------+-------+-----------+------+      +------+-------+-----------+------+
| 1007 |                          |      | 1027 |  LBEQ |     rel16 |      |
+------+-------+-----------+------+      +------+-------+-----------+------+
| 1008 |                          |      | 1028 |  LBVC |     rel16 |      |
+------+-------+-----------+------+      +------+-------+-----------+------+
| 1009 |                          |      | 1029 |  LBVS |     rel16 |      |
+------+-------+-----------+------+      +------+-------+-----------+------+
| 100A |                          |      | 102A |  LBPL |     rel16 |      |
+------+-------+-----------+------+      +------+-------+-----------+------+
| 100B |                          |      | 102B |  LBMI |     rel16 |      |
+------+-------+-----------+------+      +------+-------+-----------+------+
| 100C |                          |      | 102C |  LBGE |     rel16 |      |
+------+-------+-----------+------+      +------+-------+-----------+------+
| 100D |                          |      | 102D |  LBLT |     rel16 |      |
+------+-------+-----------+------+      +------+-------+-----------+------+
| 100E |                          |      | 102E |  LBGT |     rel16 |      |
+------+-------+-----------+------+      +------+-------+-----------+------+
| 100F |                          |      | 102F |  LBLE |     rel16 |      |
+------+-------+-----------+------+      +------+-------+-----------+------+
| 1010 |                          |      | 1030 |  ADDR |       r,r |    * |
+------+-------+-----------+------+      +------+-------+-----------+------+
| 1011 |                          |      | 1031 |  ADCR |       r,r |    * |
+------+-------+-----------+------+      +------+-------+-----------+------+
| 1012 |                          |      | 1032 |  SUBR |       r,r |    * |
+------+-------+-----------+------+      +------+-------+-----------+------+
| 1013 |                          |      | 1033 |  SBCR |       r,r |    * |
+------+-------+-----------+------+      +------+-------+-----------+------+
| 1014 |                          |      | 1034 |  ANDR |       r,r |    * |
+------+-------+-----------+------+      +------+-------+-----------+------+
| 1015 |                          |      | 1035 |   ORR |       r,r |    * |
+------+-------+-----------+------+      +------+-------+-----------+------+
| 1016 |                          |      | 1036 |  EORR |       r,r |    * |
+------+-------+-----------+------+      +------+-------+-----------+------+
| 1017 |                          |      | 1037 |  CMPR |       r,r |    * |
+------+-------+-----------+------+      +------+-------+-----------+------+
| 1018 |                          |      | 1038 |                          |
+------+-------+-----------+------+      +------+-------+-----------+------+
| 1019 |                          |      | 1039 |                          |
+------+-------+-----------+------+      +------+-------+-----------+------+
| 101A |                          |      | 103A |                          |
+------+-------+-----------+------+      +------+-------+-----------+------+
| 101B |                          |      | 103B |                          |
+------+-------+-----------+------+      +------+-------+-----------+------+
| 101C |                          |      | 103C |                          |
+------+-------+-----------+------+      +------+-------+-----------+------+
| 101D |                          |      | 103D |                          |
+------+-------+-----------+------+      +------+-------+-----------+------+
| 101E |                          |      | 103E |                          |
+------+-------+-----------+------+      +------+-------+-----------+------+
| 101F |                          |      | 103F |  SWI2 |         ~ |      |
+------+-------+-----------+------+      +------+-------+-----------+------+


+------+-------+-----------+------+      +------+-------+-----------+------+
|   op |  mnem |      mode | 6309 |      |   op |  mnem |      mode | 6309 |
+------+-------+-----------+------+      +------+-------+-----------+------+
| 1040 |  NEGD |         ~ |    * |      | 1060 |                          |
+------+-------+-----------+------+      +------+-------+-----------+------+
| 1041 |                          |      | 1061 |                          |
+------+-------+-----------+------+      +------+-------+-----------+------+
| 1042 |                          |      | 1062 |                          |
+------+-------+-----------+------+      +------+-------+-----------+------+
| 1043 |  COMD |         ~ |      |      | 1063 |                          |
+------+-------+-----------+------+      +------+-------+-----------+------+
| 1044 |  LSRD |         ~ |    * |      | 1064 |                          |
+------+-------+-----------+------+      +------+-------+-----------+------+
| 1045 |                          |      | 1065 |                          |
+------+-------+-----------+------+      +------+-------+-----------+------+
| 1046 |  RORD |         ~ |    * |      | 1066 |                          |
+------+-------+-----------+------+      +------+-------+-----------+------+
| 1047 |  ASRD |         ~ |    * |      | 1067 |                          |
+------+-------+-----------+------+      +------+-------+-----------+------+
| 1048 |  LSLD |         ~ |    * |      | 1068 |                          |
+------+-------+-----------+------+      +------+-------+-----------+------+
| 1049 |  ROLD |         ~ |    * |      | 1069 |                          |
+------+-------+-----------+------+      +------+-------+-----------+------+
| 104A |  DECD |         ~ |      |      | 106A |                          |
+------+-------+-----------+------+      +------+-------+-----------+------+
| 104B |                          |      | 106B |                          |
+------+-------+-----------+------+      +------+-------+-----------+------+
| 104C |  INCD |         ~ |      |      | 106C |                          |
+------+-------+-----------+------+      +------+-------+-----------+------+
| 104D |  TSTD |         ~ |      |      | 106D |                          |
+------+-------+-----------+------+      +------+-------+-----------+------+
| 104E |                          |      | 106E |                          |
+------+-------+-----------+------+      +------+-------+-----------+------+
| 104F |  CLRD |         ~ |      |      | 106F |                          |
+------+-------+-----------+------+      +------+-------+-----------+------+
| 1050 |                          |      | 1070 |                          |
+------+-------+-----------+------+      +------+-------+-----------+------+
| 1051 |                          |      | 1071 |                          |
+------+-------+-----------+------+      +------+-------+-----------+------+
| 1052 |                          |      | 1072 |                          |
+------+-------+-----------+------+      +------+-------+-----------+------+
| 1053 |  COMW |         ~ |    * |      | 1073 |                          |
+------+-------+-----------+------+      +------+-------+-----------+------+
| 1054 |  LSRW |         ~ |    * |      | 1074 |                          |
+------+-------+-----------+------+      +------+-------+-----------+------+
| 1055 |                          |      | 1075 |                          |
+------+-------+-----------+------+      +------+-------+-----------+------+
| 1056 |  RORW |         ~ |    * |      | 1076 |                          |
+------+-------+-----------+------+      +------+-------+-----------+------+
| 1057 |                          |      | 1077 |                          |
+------+-------+-----------+------+      +------+-------+-----------+------+
| 1058 |                          |      | 1078 |                          |
+------+-------+-----------+------+      +------+-------+-----------+------+
| 1059 |  ROLW |         ~ |    * |      | 1079 |                          |
+------+-------+-----------+------+      +------+-------+-----------+------+
| 105A |  DECW |         ~ |    * |      | 107A |                          |
+------+-------+-----------+------+      +------+-------+-----------+------+
| 105B |                          |      | 107B |                          |
+------+-------+-----------+------+      +------+-------+-----------+------+
| 105C |  INCW |         ~ |    * |      | 107C |                          |
+------+-------+-----------+------+      +------+-------+-----------+------+
| 105D |  TSTW |         ~ |    * |      | 107D |                          |
+------+-------+-----------+------+      +------+-------+-----------+------+
| 105E |                          |      | 107E |                          |
+------+-------+-----------+------+      +------+-------+-----------+------+
| 105F |  CLRW |         ~ |    * |      | 107F |                          |
+------+-------+-----------+------+      +------+-------+-----------+------+


+------+-------+-----------+------+      +------+-------+-----------+------+
|   op |  mnem |      mode | 6309 |      |   op |  mnem |      mode | 6309 |
+------+-------+-----------+------+      +------+-------+-----------+------+
| 1080 |  SUBW |         # |    * |      | 10A0 |  SUBW |        ix |    * |
+------+-------+-----------+------+      +------+-------+-----------+------+
| 1081 |  CMPW |         # |    * |      | 10A1 |  CMPW |        ix |    * |
+------+-------+-----------+------+      +------+-------+-----------+------+
| 1082 |  SBCD |         # |    * |      | 10A2 |  SBCD |        ix |    * |
+------+-------+-----------+------+      +------+-------+-----------+------+
| 1083 |  CMPD |         # |      |      | 10A3 |  CMPD |        ix |      |
+------+-------+-----------+------+      +------+-------+-----------+------+
| 1084 |  ANDD |         # |    * |      | 10A4 |  ANDD |        ix |    * |
+------+-------+-----------+------+      +------+-------+-----------+------+
| 1085 |  BITD |         # |      |      | 10A5 |  BITD |        ix |      |
+------+-------+-----------+------+      +------+-------+-----------+------+
| 1086 |   LDW |         # |    * |      | 10A6 |   LDW |        ix |    * |
+------+-------+-----------+------+      +------+-------+-----------+------+
| 1087 |                          |      | 10A7 |   STW |        ix |    * |
+------+-------+-----------+------+      +------+-------+-----------+------+
| 1088 |  EORD |         # |    * |      | 10A8 |  EORD |        ix |    * |
+------+-------+-----------+------+      +------+-------+-----------+------+
| 1089 |  ADCD |         # |    * |      | 10A9 |  ADCD |        ix |    * |
+------+-------+-----------+------+      +------+-------+-----------+------+
| 108A |   ORD |         # |    * |      | 10AA |   ORD |        ix |    * |
+------+-------+-----------+------+      +------+-------+-----------+------+
| 108B |  ADDW |         # |    * |      | 10AB |  ADDW |        ix |    * |
+------+-------+-----------+------+      +------+-------+-----------+------+
| 108C |  CMPY |         # |      |      | 10AC |  CMPY |        ix |      |
+------+-------+-----------+------+      +------+-------+-----------+------+
| 108D |                          |      | 10AD |                          |
+------+-------+-----------+------+      +------+-------+-----------+------+
| 108E |   LDY |         # |      |      | 10AE |   LDY |        ix |      |
+------+-------+-----------+------+      +------+-------+-----------+------+
| 108F |                          |      | 10AF |   STY |        ix |      |
+------+-------+-----------+------+      +------+-------+-----------+------+
| 1090 |  SUBW |        dp |    * |      | 10B0 |  SUBW |        ex |    * |
+------+-------+-----------+------+      +------+-------+-----------+------+
| 1091 |  CMPW |        dp |    * |      | 10B1 |  CMPW |        ex |    * |
+------+-------+-----------+------+      +------+-------+-----------+------+
| 1092 |  SBCD |        dp |    * |      | 10B2 |  SBCD |        ex |    * |
+------+-------+-----------+------+      +------+-------+-----------+------+
| 1093 |  CMPD |        dp |      |      | 10B3 |  CMPD |        ex |      |
+------+-------+-----------+------+      +------+-------+-----------+------+
| 1094 |  ANDD |        dp |    * |      | 10B4 |  ANDD |        ex |    * |
+------+-------+-----------+------+      +------+-------+-----------+------+
| 1095 |  BITD |        dp |      |      | 10B5 |  BITD |        ex |      |
+------+-------+-----------+------+      +------+-------+-----------+------+
| 1096 |   LDW |        dp |    * |      | 10B6 |   LDW |        ex |    * |
+------+-------+-----------+------+      +------+-------+-----------+------+
| 1097 |   STW |        dp |    * |      | 10B7 |   STW |        ex |    * |
+------+-------+-----------+------+      +------+-------+-----------+------+
| 1098 |  EORD |        dp |    * |      | 10B8 |  EORD |        ex |    * |
+------+-------+-----------+------+      +------+-------+-----------+------+
| 1099 |  ADCD |        dp |    * |      | 10B9 |  ADCD |        ex |    * |
+------+-------+-----------+------+      +------+-------+-----------+------+
| 109A |   ORD |        dp |    * |      | 10BA |   ORD |        ex |    * |
+------+-------+-----------+------+      +------+-------+-----------+------+
| 109B |  ADDW |        dp |    * |      | 10BB |  ADDW |        ex |    * |
+------+-------+-----------+------+      +------+-------+-----------+------+
| 109C |  CMPY |        dp |      |      | 10BC |  CMPY |        ex |      |
+------+-------+-----------+------+      +------+-------+-----------+------+
| 109D |                          |      | 10BD |                          |
+------+-------+-----------+------+      +------+-------+-----------+------+
| 109E |   LDY |        dp |      |      | 10BE |   LDY |        ex |      |
+------+-------+-----------+------+      +------+-------+-----------+------+
| 109F |   STY |        dp |      |      | 10BF |   STY |        ex |      |
+------+-------+-----------+------+      +------+-------+-----------+------+


+------+-------+-----------+------+      +------+-------+-----------+------+
|   op |  mnem |      mode | 6309 |      |   op |  mnem |      mode | 6309 |
+------+-------+-----------+------+      +------+-------+-----------+------+
| 10C0 |                          |      | 10E0 |                          |
+------+-------+-----------+------+      +------+-------+-----------+------+
| 10C1 |                          |      | 10E1 |                          |
+------+-------+-----------+------+      +------+-------+-----------+------+
| 10C2 |                          |      | 10E2 |                          |
+------+-------+-----------+------+      +------+-------+-----------+------+
| 10C3 |                          |      | 10E3 |                          |
+------+-------+-----------+------+      +------+-------+-----------+------+
| 10C4 |                          |      | 10E4 |                          |
+------+-------+-----------+------+      +------+-------+-----------+------+
| 10C5 |                          |      | 10E5 |                          |
+------+-------+-----------+------+      +------+-------+-----------+------+
| 10C6 |                          |      | 10E6 |                          |
+------+-------+-----------+------+      +------+-------+-----------+------+
| 10C7 |                          |      | 10E7 |                          |
+------+-------+-----------+------+      +------+-------+-----------+------+
| 10C8 |                          |      | 10E8 |                          |
+------+-------+-----------+------+      +------+-------+-----------+------+
| 10C9 |                          |      | 10E9 |                          |
+------+-------+-----------+------+      +------+-------+-----------+------+
| 10CA |                          |      | 10EA |                          |
+------+-------+-----------+------+      +------+-------+-----------+------+
| 10CB |                          |      | 10EB |                          |
+------+-------+-----------+------+      +------+-------+-----------+------+
| 10CC |   LDQ |         # |    * |      | 10EC |   LDQ |        ix |    * |
+------+-------+-----------+------+      +------+-------+-----------+------+
| 10CD |                          |      | 10ED |   STQ |        ix |    * |
+------+-------+-----------+------+      +------+-------+-----------+------+
| 10CE |   LDS |         # |      |      | 10EE |   LDS |        ix |      |
+------+-------+-----------+------+      +------+-------+-----------+------+
| 10CF |                          |      | 10EF |   STS |        ix |      |
+------+-------+-----------+------+      +------+-------+-----------+------+
| 10D0 |                          |      | 10F0 |                          |
+------+-------+-----------+------+      +------+-------+-----------+------+
| 10D1 |                          |      | 10F1 |                          |
+------+-------+-----------+------+      +------+-------+-----------+------+
| 10D2 |                          |      | 10F2 |                          |
+------+-------+-----------+------+      +------+-------+-----------+------+
| 10D3 |                          |      | 10F3 |                          |
+------+-------+-----------+------+      +------+-------+-----------+------+
| 10D4 |                          |      | 10F4 |                          |
+------+-------+-----------+------+      +------+-------+-----------+------+
| 10D5 |                          |      | 10F5 |                          |
+------+-------+-----------+------+      +------+-------+-----------+------+
| 10D6 |                          |      | 10F6 |                          |
+------+-------+-----------+------+      +------+-------+-----------+------+
| 10D7 |                          |      | 10F7 |                          |
+------+-------+-----------+------+      +------+-------+-----------+------+
| 10D8 |                          |      | 10F8 |                          |
+------+-------+-----------+------+      +------+-------+-----------+------+
| 10D9 |                          |      | 10F9 |                          |
+------+-------+-----------+------+      +------+-------+-----------+------+
| 10DA |                          |      | 10FA |                          |
+------+-------+-----------+------+      +------+-------+-----------+------+
| 10DB |                          |      | 10FB |                          |
+------+-------+-----------+------+      +------+-------+-----------+------+
| 10DC |   LDQ |        dp |    * |      | 10FC |   LDQ |        ex |    * |
+------+-------+-----------+------+      +------+-------+-----------+------+
| 10DD |   STQ |        dp |    * |      | 10FD |   STQ |        ex |    * |
+------+-------+-----------+------+      +------+-------+-----------+------+
| 10DE |   LDS |        dp |      |      | 10FE |   LDS |        ex |      |
+------+-------+-----------+------+      +------+-------+-----------+------+
| 10DF |   STS |        dp |      |      | 10FF |   STS |        ex |      |
+------+-------+-----------+------+      +------+-------+-----------+------+


+------+-------+-----------+------+      +------+-------+-----------+------+
|   op |  mnem |      mode | 6309 |      |   op |  mnem |      mode | 6309 |
+------+-------+-----------+------+      +------+-------+-----------+------+
| 1100 |                          |      | 1120 |                          |
+------+-------+-----------+------+      +------+-------+-----------+------+
| 1101 |                          |      | 1121 |                          |
+------+-------+-----------+------+      +------+-------+-----------+------+
| 1102 |                          |      | 1122 |                          |
+------+-------+-----------+------+      +------+-------+-----------+------+
| 1103 |                          |      | 1123 |                          |
+------+-------+-----------+------+      +------+-------+-----------+------+
| 1104 |                          |      | 1124 |                          |
+------+-------+-----------+------+      +------+-------+-----------+------+
| 1105 |                          |      | 1125 |                          |
+------+-------+-----------+------+      +------+-------+-----------+------+
| 1106 |                          |      | 1126 |                          |
+------+-------+-----------+------+      +------+-------+-----------+------+
| 1107 |                          |      | 1127 |                          |
+------+-------+-----------+------+      +------+-------+-----------+------+
| 1108 |                          |      | 1128 |                          |
+------+-------+-----------+------+      +------+-------+-----------+------+
| 1109 |                          |      | 1129 |                          |
+------+-------+-----------+------+      +------+-------+-----------+------+
| 110A |                          |      | 112A |                          |
+------+-------+-----------+------+      +------+-------+-----------+------+
| 110B |                          |      | 112B |                          |
+------+-------+-----------+------+      +------+-------+-----------+------+
| 110C |                          |      | 112C |                          |
+------+-------+-----------+------+      +------+-------+-----------+------+
| 110D |                          |      | 112D |                          |
+------+-------+-----------+------+      +------+-------+-----------+------+
| 110E |                          |      | 112E |                          |
+------+-------+-----------+------+      +------+-------+-----------+------+
| 110F |                          |      | 112F |                          |
+------+-------+-----------+------+      +------+-------+-----------+------+
| 1110 |                          |      | 1130 |  BAND | rr.n,qq.k |    * |
+------+-------+-----------+------+      +------+-------+-----------+------+
| 1111 |                          |      | 1131 | BIAND | rr.n,qq.k |    * |
+------+-------+-----------+------+      +------+-------+-----------+------+
| 1112 |                          |      | 1132 |   BOR | rr.n,qq.k |    * |
+------+-------+-----------+------+      +------+-------+-----------+------+
| 1113 |                          |      | 1133 |  BIOR | rr.n,qq.k |    * |
+------+-------+-----------+------+      +------+-------+-----------+------+
| 1114 |                          |      | 1134 |  BEOR | rr.n,qq.k |    * |
+------+-------+-----------+------+      +------+-------+-----------+------+
| 1115 |                          |      | 1135 | BIEOR | rr.n,qq.k |    * |
+------+-------+-----------+------+      +------+-------+-----------+------+
| 1116 |                          |      | 1136 |  LDBT | rr.n,qq.k |    * |
+------+-------+-----------+------+      +------+-------+-----------+------+
| 1117 |                          |      | 1137 |  STBT | rr.n,qq.k |    * |
+------+-------+-----------+------+      +------+-------+-----------+------+
| 1118 |                          |      | 1138 |   TFM |     r+,r+ |    * |
+------+-------+-----------+------+      +------+-------+-----------+------+
| 1119 |                          |      | 1139 |   TFM |     r-,r- |    * |
+------+-------+-----------+------+      +------+-------+-----------+------+
| 111A |                          |      | 113A |   TFM |      r+,r |    * |
+------+-------+-----------+------+      +------+-------+-----------+------+
| 111B |                          |      | 113B |   TFM |      r,r+ |    * |
+------+-------+-----------+------+      +------+-------+-----------+------+
| 111C |                          |      | 113C | BITMD |         # |    * |
+------+-------+-----------+------+      +------+-------+-----------+------+
| 111D |                          |      | 113D |  LDMD |         # |    * |
+------+-------+-----------+------+      +------+-------+-----------+------+
| 111E |                          |      | 113E |                          |
+------+-------+-----------+------+      +------+-------+-----------+------+
| 111F |                          |      | 113F |  SWI3 |         ~ |      |
+------+-------+-----------+------+      +------+-------+-----------+------+


+------+-------+-----------+------+      +------+-------+-----------+------+
|   op |  mnem |      mode | 6309 |      |   op |  mnem |      mode | 6309 |
+------+-------+-----------+------+      +------+-------+-----------+------+
| 1140 |                          |      | 1160 |                          |
+------+-------+-----------+------+      +------+-------+-----------+------+
| 1141 |                          |      | 1161 |                          |
+------+-------+-----------+------+      +------+-------+-----------+------+
| 1142 |                          |      | 1162 |                          |
+------+-------+-----------+------+      +------+-------+-----------+------+
| 1143 |  COME |         ~ |    * |      | 1163 |                          |
+------+-------+-----------+------+      +------+-------+-----------+------+
| 1144 |                          |      | 1164 |                          |
+------+-------+-----------+------+      +------+-------+-----------+------+
| 1145 |                          |      | 1165 |                          |
+------+-------+-----------+------+      +------+-------+-----------+------+
| 1146 |                          |      | 1166 |                          |
+------+-------+-----------+------+      +------+-------+-----------+------+
| 1147 |                          |      | 1167 |                          |
+------+-------+-----------+------+      +------+-------+-----------+------+
| 1148 |                          |      | 1168 |                          |
+------+-------+-----------+------+      +------+-------+-----------+------+
| 1149 |                          |      | 1169 |                          |
+------+-------+-----------+------+      +------+-------+-----------+------+
| 114A |  DECE |         ~ |    * |      | 116A |                          |
+------+-------+-----------+------+      +------+-------+-----------+------+
| 114B |                          |      | 116B |                          |
+------+-------+-----------+------+      +------+-------+-----------+------+
| 114C |  INCE |         ~ |    * |      | 116C |                          |
+------+-------+-----------+------+      +------+-------+-----------+------+
| 114D |  TSTE |         ~ |    * |      | 116D |                          |
+------+-------+-----------+------+      +------+-------+-----------+------+
| 114E |                          |      | 116E |                          |
+------+-------+-----------+------+      +------+-------+-----------+------+
| 114F |  CLRE |         ~ |    * |      | 116F |                          |
+------+-------+-----------+------+      +------+-------+-----------+------+
| 1150 |                          |      | 1170 |                          |
+------+-------+-----------+------+      +------+-------+-----------+------+
| 1151 |                          |      | 1171 |                          |
+------+-------+-----------+------+      +------+-------+-----------+------+
| 1152 |                          |      | 1172 |                          |
+------+-------+-----------+------+      +------+-------+-----------+------+
| 1153 |  COMF |         ~ |    * |      | 1173 |                          |
+------+-------+-----------+------+      +------+-------+-----------+------+
| 1154 |                          |      | 1174 |                          |
+------+-------+-----------+------+      +------+-------+-----------+------+
| 1155 |                          |      | 1175 |                          |
+------+-------+-----------+------+      +------+-------+-----------+------+
| 1156 |                          |      | 1176 |                          |
+------+-------+-----------+------+      +------+-------+-----------+------+
| 1157 |                          |      | 1177 |                          |
+------+-------+-----------+------+      +------+-------+-----------+------+
| 1158 |                          |      | 1178 |                          |
+------+-------+-----------+------+      +------+-------+-----------+------+
| 1159 |                          |      | 1179 |                          |
+------+-------+-----------+------+      +------+-------+-----------+------+
| 115A |  DECF |         ~ |    * |      | 117A |                          |
+------+-------+-----------+------+      +------+-------+-----------+------+
| 115B |                          |      | 117B |                          |
+------+-------+-----------+------+      +------+-------+-----------+------+
| 115C |  INCF |         ~ |    * |      | 117C |                          |
+------+-------+-----------+------+      +------+-------+-----------+------+
| 115D |  TSTF |         ~ |    * |      | 117D |                          |
+------+-------+-----------+------+      +------+-------+-----------+------+
| 115E |                          |      | 117E |                          |
+------+-------+-----------+------+      +------+-------+-----------+------+
| 115F |  CLRF |         ~ |    * |      | 117F |                          |
+------+-------+-----------+------+      +------+-------+-----------+------+


+------+-------+-----------+------+      +------+-------+-----------+------+
|   op |  mnem |      mode | 6309 |      |   op |  mnem |      mode | 6309 |
+------+-------+-----------+------+      +------+-------+-----------+------+
| 1180 |  SUBE |         # |    * |      | 11A0 |  SUBE |        ix |    * |
+------+-------+-----------+------+      +------+-------+-----------+------+
| 1181 |  CMPE |         # |    * |      | 11A1 |  CMPE |        ix |    * |
+------+-------+-----------+------+      +------+-------+-----------+------+
| 1182 |                          |      | 11A2 |                          |
+------+-------+-----------+------+      +------+-------+-----------+------+
| 1183 |  CMPU |         # |      |      | 11A3 |  CMPU |        ix |      |
+------+-------+-----------+------+      +------+-------+-----------+------+
| 1184 |                          |      | 11A4 |                          |
+------+-------+-----------+------+      +------+-------+-----------+------+
| 1185 |                          |      | 11A5 |                          |
+------+-------+-----------+------+      +------+-------+-----------+------+
| 1186 |   LDE |         # |    * |      | 11A6 |   LDE |        ix |    * |
+------+-------+-----------+------+      +------+-------+-----------+------+
| 1187 |                          |      | 11A7 |   STE |        ix |    * |
+------+-------+-----------+------+      +------+-------+-----------+------+
| 1188 |                          |      | 11A8 |                          |
+------+-------+-----------+------+      +------+-------+-----------+------+
| 1189 |                          |      | 11A9 |                          |
+------+-------+-----------+------+      +------+-------+-----------+------+
| 118A |                          |      | 11AA |                          |
+------+-------+-----------+------+      +------+-------+-----------+------+
| 118B |  ADDE |         # |    * |      | 11AB |  ADDE |        ix |    * |
+------+-------+-----------+------+      +------+-------+-----------+------+
| 118C |  CMPS |         # |      |      | 11AC |  CMPS |        ix |      |
+------+-------+-----------+------+      +------+-------+-----------+------+
| 118D |  DIVD |         # |    * |      | 11AD |  DIVD |        ix |    * |
+------+-------+-----------+------+      +------+-------+-----------+------+
| 118E |  DIVQ |         # |    * |      | 11AE |  DIVQ |        ix |    * |
+------+-------+-----------+------+      +------+-------+-----------+------+
| 118F |  MULD |         # |    * |      | 11AF |  MULD |        ix |    * |
+------+-------+-----------+------+      +------+-------+-----------+------+
| 1190 |  SUBE |        dp |    * |      | 11B0 |  SUBE |        ex |    * |
+------+-------+-----------+------+      +------+-------+-----------+------+
| 1191 |  CMPE |        dp |    * |      | 11B1 |  CMPE |        ex |    * |
+------+-------+-----------+------+      +------+-------+-----------+------+
| 1192 |                          |      | 11B2 |                          |
+------+-------+-----------+------+      +------+-------+-----------+------+
| 1193 |  CMPU |        dp |      |      | 11B3 |  CMPU |        ex |      |
+------+-------+-----------+------+      +------+-------+-----------+------+
| 1194 |                          |      | 11B4 |                          |
+------+-------+-----------+------+      +------+-------+-----------+------+
| 1195 |                          |      | 11B5 |                          |
+------+-------+-----------+------+      +------+-------+-----------+------+
| 1196 |   LDE |        dp |    * |      | 11B6 |   LDE |        ex |    * |
+------+-------+-----------+------+      +------+-------+-----------+------+
| 1197 |   STE |        dp |    * |      | 11B7 |   STE |        ex |    * |
+------+-------+-----------+------+      +------+-------+-----------+------+
| 1198 |                          |      | 11B8 |                          |
+------+-------+-----------+------+      +------+-------+-----------+------+
| 1199 |                          |      | 11B9 |                          |
+------+-------+-----------+------+      +------+-------+-----------+------+
| 119A |                          |      | 11BA |                          |
+------+-------+-----------+------+      +------+-------+-----------+------+
| 119B |  ADDE |        dp |    * |      | 11BB |  ADDE |        ex |    * |
+------+-------+-----------+------+      +------+-------+-----------+------+
| 119C |  CMPS |        dp |      |      | 11BC |  CMPS |        ex |      |
+------+-------+-----------+------+      +------+-------+-----------+------+
| 119D |  DIVD |        dp |    * |      | 11BD |  DIVD |        ex |    * |
+------+-------+-----------+------+      +------+-------+-----------+------+
| 119E |  DIVQ |        dp |    * |      | 11BE |  DIVQ |        ex |    * |
+------+-------+-----------+------+      +------+-------+-----------+------+
| 119F |  MULD |        dp |    * |      | 11BF |  MULD |        ex |    * |
+------+-------+-----------+------+      +------+-------+-----------+------+


+------+-------+-----------+------+      +------+-------+-----------+------+
|   op |  mnem |      mode | 6309 |      |   op |  mnem |      mode | 6309 |
+------+-------+-----------+------+      +------+-------+-----------+------+
| 11C0 |  SUBF |         # |    * |      | 11E0 |  SUBF |        ix |    * |
+------+-------+-----------+------+      +------+-------+-----------+------+
| 11C1 |  CMPF |         # |    * |      | 11E1 |  CMPF |        ix |    * |
+------+-------+-----------+------+      +------+-------+-----------+------+
| 11C2 |                          |      | 11E2 |                          |
+------+-------+-----------+------+      +------+-------+-----------+------+
| 11C3 |                          |      | 11E3 |                          |
+------+-------+-----------+------+      +------+-------+-----------+------+
| 11C4 |                          |      | 11E4 |                          |
+------+-------+-----------+------+      +------+-------+-----------+------+
| 11C5 |                          |      | 11E5 |                          |
+------+-------+-----------+------+      +------+-------+-----------+------+
| 11C6 |   LDF |         # |    * |      | 11E6 |   LDF |        ix |    * |
+------+-------+-----------+------+      +------+-------+-----------+------+
| 11C7 |                          |      | 11E7 |   STF |        ix |    * |
+------+-------+-----------+------+      +------+-------+-----------+------+
| 11C8 |                          |      | 11E8 |                          |
+------+-------+-----------+------+      +------+-------+-----------+------+
| 11C9 |                          |      | 11E9 |                          |
+------+-------+-----------+------+      +------+-------+-----------+------+
| 11CA |                          |      | 11EA |                          |
+------+-------+-----------+------+      +------+-------+-----------+------+
| 11CB |  ADDF |         # |    * |      | 11EB |  ADDF |        ix |    * |
+------+-------+-----------+------+      +------+-------+-----------+------+
| 11CC |                          |      | 11EC |                          |
+------+-------+-----------+------+      +------+-------+-----------+------+
| 11CD |                          |      | 11ED |                          |
+------+-------+-----------+------+      +------+-------+-----------+------+
| 11CE |                          |      | 11EE |                          |
+------+-------+-----------+------+      +------+-------+-----------+------+
| 11CF |                          |      | 11EF |                          |
+------+-------+-----------+------+      +------+-------+-----------+------+
| 11D0 |  SUBF |        dp |    * |      | 11F0 |  SUBF |        ex |    * |
+------+-------+-----------+------+      +------+-------+-----------+------+
| 11D1 |  CMPF |        dp |    * |      | 11F1 |  CMPF |        ex |    * |
+------+-------+-----------+------+      +------+-------+-----------+------+
| 11D2 |                          |      | 11F2 |                          |
+------+-------+-----------+------+      +------+-------+-----------+------+
| 11D3 |                          |      | 11F3 |                          |
+------+-------+-----------+------+      +------+-------+-----------+------+
| 11D4 |                          |      | 11F4 |                          |
+------+-------+-----------+------+      +------+-------+-----------+------+
| 11D5 |                          |      | 11F5 |                          |
+------+-------+-----------+------+      +------+-------+-----------+------+
| 11D6 |   LDF |        dp |    * |      | 11F6 |   LDF |        ex |    * |
+------+-------+-----------+------+      +------+-------+-----------+------+
| 11D7 |   STF |        dp |    * |      | 11F7 |   STF |        ex |    * |
+------+-------+-----------+------+      +------+-------+-----------+------+
| 11D8 |                          |      | 11F8 |                          |
+------+-------+-----------+------+      +------+-------+-----------+------+
| 11D9 |                          |      | 11F9 |                          |
+------+-------+-----------+------+      +------+-------+-----------+------+
| 11DA |                          |      | 11FA |                          |
+------+-------+-----------+------+      +------+-------+-----------+------+
| 11DB |  ADDF |        dp |    * |      | 11FB |  ADDF |        ex |    * |
+------+-------+-----------+------+      +------+-------+-----------+------+
| 11DC |                          |      | 11FC |                          |
+------+-------+-----------+------+      +------+-------+-----------+------+
| 11DD |                          |      | 11FD |                          |
+------+-------+-----------+------+      +------+-------+-----------+------+
| 11DE |                          |      | 11FE |                          |
+------+-------+-----------+------+      +------+-------+-----------+------+
| 11DF |                          |      | 11FF |                          |
+------+-------+-----------+------+      +------+-------+-----------+------+
