#Not a source file - used to compare to updated output for accuracy, this checked against JGH and B&B lists by eye

############### A ###################
ABX	~		3A	
DAA	~		19	
NOP	~		12	
RTI	~		3B	
RTS	~		39	
############### A1 ###################
SYNC	~		13	
############### A2 ###################
SEXW	~		14	*
SEX	~		1D	
############### B ###################
ADCA	#		89	
ADCA	dp		99	
ADCA	ix		A9	
ADCA	ex		B9	
ADCB	#		C9	
ADCB	dp		D9	
ADCB	ix		E9	
ADCB	ex		F9	
ADCD	#		10 89	*
ADCD	dp		10 99	*
ADCD	ix		10 A9	*
ADCD	ex		10 B9	*
ADCR	r,r		10 31	*
EORA	#		88	
EORA	dp		98	
EORA	ix		A8	
EORA	ex		B8	
EORB	#		C8	
EORB	dp		D8	
EORB	ix		E8	
EORB	ex		F8	
EORD	#		10 88	*
EORD	dp		10 98	*
EORD	ix		10 A8	*
EORD	ex		10 B8	*
EORR	r,r		10 36	*
SBCA	#		82	
SBCA	dp		92	
SBCA	ix		A2	
SBCA	ex		B2	
SBCB	#		C2	
SBCB	dp		D2	
SBCB	ix		E2	
SBCB	ex		F2	
SBCD	#		10 82	*
SBCD	dp		10 92	*
SBCD	ix		10 A2	*
SBCD	ex		10 B2	*
SBCR	r,r		10 33	*
############### B2 ###################
ANDA	#		84	
ANDA	dp		94	
ANDA	ix		A4	
ANDA	ex		B4	
ANDB	#		C4	
ANDB	dp		D4	
ANDB	ix		E4	
ANDB	ex		F4	
ANDD	#		10 84	*
ANDD	dp		10 94	*
ANDD	ix		10 A4	*
ANDD	ex		10 B4	*
ANDR	r,r		10 34	*
ANDCC	#		1C	
ORA	#		8A	
ORA	dp		9A	
ORA	ix		AA	
ORA	ex		BA	
ORB	#		CA	
ORB	dp		DA	
ORB	ix		EA	
ORB	ex		FA	
ORD	#		10 8A	*
ORD	dp		10 9A	*
ORD	ix		10 AA	*
ORD	ex		10 BA	*
ORR	r,r		10 35	*
ORCC	#		1A	
############### C ###################
ADDA	#		8B	
ADDA	dp		9B	
ADDA	ix		AB	
ADDA	ex		BB	
ADDB	#		CB	
ADDB	dp		DB	
ADDB	ix		EB	
ADDB	ex		FB	
ADDD	#		C3	
ADDD	dp		D3	
ADDD	ix		E3	
ADDD	ex		F3	
ADDE	#		11 8B	*
ADDE	dp		11 9B	*
ADDE	ix		11 AB	*
ADDE	ex		11 BB	*
ADDF	#		11 CB	*
ADDF	dp		11 DB	*
ADDF	ix		11 EB	*
ADDF	ex		11 FB	*
ADDW	#		10 8B	*
ADDW	dp		10 9B	*
ADDW	ix		10 AB	*
ADDW	ex		10 BB	*
ADDR	r,r		10 30	*
############### D ###################
AIM	dp		02	*
AIM	ix		62	*
AIM	ex		72	*
EIM	dp		05	*
EIM	ix		65	*
EIM	ex		75	*
OIM	dp		01	*
OIM	ix		61	*
OIM	ex		71	*
TIM	dp		0B	*
TIM	ix		6B	*
TIM	ex		7B	*
############### DIR ###################
############### E ###################
CWAI	#		3C	
############### F ###################
NEGA	~		40	
NEGB	~		50	
NEGD	~		10 40	*
NEG	dp		00	
NEG	ix		60	
NEG	ex		70	
ASLA	~		48	
ASLB	~		58	
ASLD	~		10 48	*
ASL	dp		08	
ASL	ix		68	
ASL	ex		78	
ASRA	~		47	
ASRB	~		57	
ASRD	~		10 47	*
ASR	dp		07	
ASR	ix		67	
ASR	ex		77	
LSLA	~		48	
LSLB	~		58	
LSLD	~		10 48	*
LSL	dp		08	
LSL	ix		68	
LSL	ex		78	
############### G ###################
BITA	#		85	
BITA	dp		95	
BITA	ix		A5	
BITA	ex		B5	
BITB	#		C5	
BITB	dp		D5	
BITB	ix		E5	
BITB	ex		F5	
BITD	#		10 85	
BITD	dp		10 95	
BITD	ix		10 A5	
BITD	ex		10 B5	
BITMD	#		11 3C	*
############### H ###################
CLRA	~		4F	
CLRB	~		5F	
CLRD	~		10 4F	
CLRE	~		11 4F	*
CLRF	~		11 5F	*
CLRW	~		10 5F	*
CLR	dp		0F	
CLR	ix		6F	
CLR	ex		7F	
COMA	~		43	
COMB	~		53	
COMD	~		10 43	
COME	~		11 43	*
COMF	~		11 53	*
COMW	~		10 53	*
COM	dp		03	
COM	ix		63	
COM	ex		73	
DECA	~		4A	
DECB	~		5A	
DECD	~		10 4A	
DECE	~		11 4A	*
DECF	~		11 5A	*
DECW	~		10 5A	*
DEC	dp		0A	
DEC	ix		6A	
DEC	ex		7A	
INCA	~		4C	
INCB	~		5C	
INCD	~		10 4C	
INCE	~		11 4C	*
INCF	~		11 5C	*
INCW	~		10 5C	*
INC	dp		0C	
INC	ix		6C	
INC	ex		7C	
TSTA	~		4D	
TSTB	~		5D	
TSTD	~		10 4D	
TSTE	~		11 4D	*
TSTF	~		11 5D	*
TSTW	~		10 5D	*
TST	dp		0D	
TST	ix		6D	
TST	ex		7D	
############### I ###################
CMPA	#		81	
CMPA	dp		91	
CMPA	ix		A1	
CMPA	ex		B1	
CMPB	#		C1	
CMPB	dp		D1	
CMPB	ix		E1	
CMPB	ex		F1	
CMPD	#		10 83	
CMPD	dp		10 93	
CMPD	ix		10 A3	
CMPD	ex		10 B3	
CMPE	#		11 81	*
CMPE	dp		11 91	*
CMPE	ix		11 A1	*
CMPE	ex		11 B1	*
CMPF	#		11 C1	*
CMPF	dp		11 D1	*
CMPF	ix		11 E1	*
CMPF	ex		11 F1	*
CMPW	#		10 81	*
CMPW	dp		10 91	*
CMPW	ix		10 A1	*
CMPW	ex		10 B1	*
CMPS	#		11 8C	
CMPS	dp		11 9C	
CMPS	ix		11 AC	
CMPS	ex		11 BC	
CMPU	#		11 83	
CMPU	dp		11 93	
CMPU	ix		11 A3	
CMPU	ex		11 B3	
CMPX	#		8C	
CMPX	dp		9C	
CMPX	ix		AC	
CMPX	ex		BC	
CMPY	#		10 8C	
CMPY	dp		10 9C	
CMPY	ix		10 AC	
CMPY	ex		10 BC	
CMPR	r,r		10 37	*
############### J ###################
DIVD	#		11 8D	*
DIVD	dp		11 9D	*
DIVD	ix		11 AD	*
DIVD	ex		11 BD	*
DIVQ	#		11 8E	*
DIVQ	dp		11 9E	*
DIVQ	ix		11 AE	*
DIVQ	ex		11 BE	*
############### K ###################
EXG	r,r		1E	
TFR	r,r		1F	
############### L ###################
JMP	dp		0E	
JMP	ix		6E	
JMP	ex		7E	
############### M ###################
JSR	dp		9D	
JSR	ix		AD	
JSR	ex		BD	
############### N ###################
LDA	#		86	
LDA	dp		96	
LDA	ix		A6	
LDA	ex		B6	
LDBT	rr.n,qq.k	11 36	*
LDB	#		C6	
LDB	dp		D6	
LDB	ix		E6	
LDB	ex		F6	
LDD	#		CC	
LDD	dp		DC	
LDD	ix		EC	
LDD	ex		FC	
LDE	#		11 86	*
LDE	dp		11 96	*
LDE	ix		11 A6	*
LDE	ex		11 B6	*
LDF	#		11 C6	*
LDF	dp		11 D6	*
LDF	ix		11 E6	*
LDF	ex		11 F6	*
LDW	#		10 86	*
LDW	dp		10 96	*
LDW	ix		10 A6	*
LDW	ex		10 B6	*
LDS	#		10 CE	
LDS	dp		10 DE	
LDS	ix		10 EE	
LDS	ex		10 FE	
LDU	#		CE	
LDU	dp		DE	
LDU	ix		EE	
LDU	ex		FE	
LDX	#		8E	
LDX	dp		9E	
LDX	ix		AE	
LDX	ex		BE	
LDY	#		10 8E	
LDY	dp		10 9E	
LDY	ix		10 AE	
LDY	ex		10 BE	
LDMD	#		11 3D	*
LDQ	#		CD	*
LDQ	dp		10 DC	*
LDQ	ix		10 EC	*
LDQ	ex		10 FC	*
############### P ###################
LEAS	ix		32	
LEAU	ix		33	
LEAX	ix		30	
LEAY	ix		31	
############### Q ###################
LSRA	~		44	
LSRB	~		54	
LSRD	~		10 44	*
LSRW	~		10 54	*
LSR	dp		04	
LSR	ix		64	
LSR	ex		74	
ROLA	~		49	
ROLB	~		59	
ROLD	~		10 49	*
ROLW	~		10 59	*
ROL	dp		09	
ROL	ix		69	
ROL	ex		79	
RORA	~		46	
RORB	~		56	
RORD	~		10 46	*
RORW	~		10 56	*
ROR	dp		06	
ROR	ix		66	
ROR	ex		76	
############### R ###################
MULD	#		11 8F	*
MULD	dp		11 9F	*
MULD	ix		11 AF	*
MULD	ex		11 BF	*
MUL	~		3D	
############### S ###################
PSHS	st		34	
PSHSW	st		10 38
PSHU	st		36	
PSHUW	st		10 3A
PULS	st		35	
PULSW	st		10 39
PULU	st		37	
PULUW	st		10 3B
############### T ###################
STA	dp		97	
STA	ix		A7	
STA	ex		B7	
STBT	rr.n,qq.k	11 37	*
STB	dp		D7	
STB	ix		E7	
STB	ex		F7	
STD	dp		DD	
STD	ix		ED	
STD	ex		FD	
STE	dp		11 97	*
STE	ix		11 A7	*
STE	ex		11 B7	*
STF	dp		11 D7	*
STF	ix		11 E7	*
STF	ex		11 F7	*
STW	dp		10 97	*
STW	ix		10 A7	*
STW	ex		10 B7	*
STS	dp		10 DF	
STS	ix		10 EF	
STS	ex		10 FF	
STU	dp		DF	
STU	ix		EF	
STU	ex		FF	
STX	dp		9F	
STX	ix		AF	
STX	ex		BF	
STY	dp		10 9F	
STY	ix		10 AF	
STY	ex		10 BF	
STQ	dp		10 DD	*
STQ	ix		10 ED	*
STQ	ex		10 FD	*
############### U ###################
BCC	rel		24	
LBCC	rel16		24	
BCS	rel		25	
LBCS	rel16		25	
BEQ	rel		27	
LBEQ	rel16		27	
BGE	rel		2C	
LBGE	rel16		2C	
BGT	rel		2E	
LBGT	rel16		2E	
BHI	rel		22	
LBHI	rel16		22	
BHS	rel		24	
LBHS	rel16		24	
BLE	rel		2F	
LBLE	rel16		2F	
BLO	rel		25	
LBLO	rel16		25	
BLS	rel		23	
LBLS	rel16		23	
BLT	rel		2D	
LBLT	rel16		2D	
BMI	rel		2B	
LBMI	rel16		2B	
BNE	rel		26	
LBNE	rel16		26	
BPL	rel		2A	
LBPL	rel16		2A	
BRA	rel		20	
LBRA	rel16		16	
BRN	rel		21	
LBRN	rel16		21	
BSR	rel		8D	
LBSR	rel16		17	
BVC	rel		28	
LBVC	rel16		28	
BVS	rel		29	
LBVS	rel16		29	
############### W ###################
BOR	rr.n,qq.k	11 32	*
############### W1 ###################
BAND	rr.n,qq.k	11 30	*
############### W2 ###################
BIAND	rr.n,qq.k	11 31	*
############### W3 ###################
BIOR	rr.n,qq.k	11 33	*
############### W4 ###################
BEOR	rr.n,qq.k	11 34	*
############### W5 ###################
BIEOR	rr.n,qq.k	11 35	*
############### X ###################
TFM	r+,r+		11 38	*
TFM	r-,r-		11 39	*
TFM	r+,r		11 3A	*
TFM	r,r+		11 3B	*
############### Y ###################
SWI2	~		10 3F	
SWI3	~		11 3F	
SWI	~		3F	
############### Z ###################
SUBA	#		80	
SUBA	dp		90	
SUBA	ix		A0	
SUBA	ex		B0	
SUBB	#		C0	
SUBB	dp		D0	
SUBB	ix		E0	
SUBB	ex		F0	
SUBD	#		83	
SUBD	dp		93	
SUBD	ix		A3	
SUBD	ex		B3	
SUBE	#		11 80	*
SUBE	dp		11 90	*
SUBE	ix		11 A0	*
SUBE	ex		11 B0	*
SUBF	#		11 C0	*
SUBF	dp		11 D0	*
SUBF	ix		11 E0	*
SUBF	ex		11 F0	*
SUBW	#		10 80	*
SUBW	dp		10 90	*
SUBW	ix		10 A0	*
SUBW	ex		10 B0	*
SUBR	r,r		10 32	*


+------+-------+-----------+------+      +------+-------+-----------+------+
|   op |  mnem |      mode | 6309 |      |   op |  mnem |      mode | 6309 |
+------+-------+-----------+------+      +------+-------+-----------+------+
| 0000 |   NEG |        dp |      |      | 0020 |   BRA |       rel |      |
+------+-------+-----------+------+      +------+-------+-----------+------+
| 0001 |   OIM |        dp |    * |      | 0021 |   BRN |       rel |      |
+------+-------+-----------+------+      +------+-------+-----------+------+
| 0002 |   AIM |        dp |    * |      | 0022 |   BHI |       rel |      |
+------+-------+-----------+------+      +------+-------+-----------+------+
| 0003 |   COM |        dp |      |      | 0023 |   BLS |       rel |      |
+------+-------+-----------+------+      +------+-------+-----------+------+
| 0004 |   LSR |        dp |      |      | 0024 |   BHS |       rel |      |
+------+-------+-----------+------+      +------+-------+-----------+------+
| 0005 |   EIM |        dp |    * |      | 0025 |   BLO |       rel |      |
+------+-------+-----------+------+      +------+-------+-----------+------+
| 0006 |   ROR |        dp |      |      | 0026 |   BNE |       rel |      |
+------+-------+-----------+------+      +------+-------+-----------+------+
| 0007 |   ASR |        dp |      |      | 0027 |   BEQ |       rel |      |
+------+-------+-----------+------+      +------+-------+-----------+------+
| 0008 |   LSL |        dp |      |      | 0028 |   BVC |       rel |      |
+------+-------+-----------+------+      +------+-------+-----------+------+
| 0009 |   ROL |        dp |      |      | 0029 |   BVS |       rel |      |
+------+-------+-----------+------+      +------+-------+-----------+------+
| 000A |   DEC |        dp |      |      | 002A |   BPL |       rel |      |
+------+-------+-----------+------+      +------+-------+-----------+------+
| 000B |   TIM |        dp |    * |      | 002B |   BMI |       rel |      |
+------+-------+-----------+------+      +------+-------+-----------+------+
| 000C |   INC |        dp |      |      | 002C |   BGE |       rel |      |
+------+-------+-----------+------+      +------+-------+-----------+------+
| 000D |   TST |        dp |      |      | 002D |   BLT |       rel |      |
+------+-------+-----------+------+      +------+-------+-----------+------+
| 000E |   JMP |        dp |      |      | 002E |   BGT |       rel |      |
+------+-------+-----------+------+      +------+-------+-----------+------+
| 000F |   CLR |        dp |      |      | 002F |   BLE |       rel |      |
+------+-------+-----------+------+      +------+-------+-----------+------+
| 0010 |                          |      | 0030 |  LEAX |        ix |      |
+------+-------+-----------+------+      +------+-------+-----------+------+
| 0011 |                          |      | 0031 |  LEAY |        ix |      |
+------+-------+-----------+------+      +------+-------+-----------+------+
| 0012 |   NOP |         ~ |      |      | 0032 |  LEAS |        ix |      |
+------+-------+-----------+------+      +------+-------+-----------+------+
| 0013 |  SYNC |         ~ |      |      | 0033 |  LEAU |        ix |      |
+------+-------+-----------+------+      +------+-------+-----------+------+
| 0014 |  SEXW |         ~ |    * |      | 0034 |  PSHS |        st |      |
+------+-------+-----------+------+      +------+-------+-----------+------+
| 0015 |                          |      | 0035 |  PULS |        st |      |
+------+-------+-----------+------+      +------+-------+-----------+------+
| 0016 |  LBRA |     rel16 |      |      | 0036 |  PSHU |        st |      |
+------+-------+-----------+------+      +------+-------+-----------+------+
| 0017 |  LBSR |     rel16 |      |      | 0037 |  PULU |        st |      |
+------+-------+-----------+------+      +------+-------+-----------+------+
| 0018 |                          |      | 0038 |                          |
+------+-------+-----------+------+      +------+-------+-----------+------+
| 0019 |   DAA |         ~ |      |      | 0039 |   RTS |         ~ |      |
+------+-------+-----------+------+      +------+-------+-----------+------+
| 001A |  ORCC |         # |      |      | 003A |   ABX |         ~ |      |
+------+-------+-----------+------+      +------+-------+-----------+------+
| 001B |                          |      | 003B |   RTI |         ~ |      |
+------+-------+-----------+------+      +------+-------+-----------+------+
| 001C | ANDCC |         # |      |      | 003C |  CWAI |         # |      |
+------+-------+-----------+------+      +------+-------+-----------+------+
| 001D |   SEX |         ~ |      |      | 003D |   MUL |         ~ |      |
+------+-------+-----------+------+      +------+-------+-----------+------+
| 001E |   EXG |       r,r |      |      | 003E |                          |
+------+-------+-----------+------+      +------+-------+-----------+------+
| 001F |   TFR |       r,r |      |      | 003F |   SWI |         ~ |      |
+------+-------+-----------+------+      +------+-------+-----------+------+


+------+-------+-----------+------+      +------+-------+-----------+------+
|   op |  mnem |      mode | 6309 |      |   op |  mnem |      mode | 6309 |
+------+-------+-----------+------+      +------+-------+-----------+------+
| 0040 |  NEGA |         ~ |      |      | 0060 |   NEG |        ix |      |
+------+-------+-----------+------+      +------+-------+-----------+------+
| 0041 |                          |      | 0061 |   OIM |        ix |    * |
+------+-------+-----------+------+      +------+-------+-----------+------+
| 0042 |                          |      | 0062 |   AIM |        ix |    * |
+------+-------+-----------+------+      +------+-------+-----------+------+
| 0043 |  COMA |         ~ |      |      | 0063 |   COM |        ix |      |
+------+-------+-----------+------+      +------+-------+-----------+------+
| 0044 |  LSRA |         ~ |      |      | 0064 |   LSR |        ix |      |
+------+-------+-----------+------+      +------+-------+-----------+------+
| 0045 |                          |      | 0065 |   EIM |        ix |    * |
+------+-------+-----------+------+      +------+-------+-----------+------+
| 0046 |  RORA |         ~ |      |      | 0066 |   ROR |        ix |      |
+------+-------+-----------+------+      +------+-------+-----------+------+
| 0047 |  ASRA |         ~ |      |      | 0067 |   ASR |        ix |      |
+------+-------+-----------+------+      +------+-------+-----------+------+
| 0048 |  LSLA |         ~ |      |      | 0068 |   LSL |        ix |      |
+------+-------+-----------+------+      +------+-------+-----------+------+
| 0049 |  ROLA |         ~ |      |      | 0069 |   ROL |        ix |      |
+------+-------+-----------+------+      +------+-------+-----------+------+
| 004A |  DECA |         ~ |      |      | 006A |   DEC |        ix |      |
+------+-------+-----------+------+      +------+-------+-----------+------+
| 004B |                          |      | 006B |   TIM |        ix |    * |
+------+-------+-----------+------+      +------+-------+-----------+------+
| 004C |  INCA |         ~ |      |      | 006C |   INC |        ix |      |
+------+-------+-----------+------+      +------+-------+-----------+------+
| 004D |  TSTA |         ~ |      |      | 006D |   TST |        ix |      |
+------+-------+-----------+------+      +------+-------+-----------+------+
| 004E |                          |      | 006E |   JMP |        ix |      |
+------+-------+-----------+------+      +------+-------+-----------+------+
| 004F |  CLRA |         ~ |      |      | 006F |   CLR |        ix |      |
+------+-------+-----------+------+      +------+-------+-----------+------+
| 0050 |  NEGB |         ~ |      |      | 0070 |   NEG |        ex |      |
+------+-------+-----------+------+      +------+-------+-----------+------+
| 0051 |                          |      | 0071 |   OIM |        ex |    * |
+------+-------+-----------+------+      +------+-------+-----------+------+
| 0052 |                          |      | 0072 |   AIM |        ex |    * |
+------+-------+-----------+------+      +------+-------+-----------+------+
| 0053 |  COMB |         ~ |      |      | 0073 |   COM |        ex |      |
+------+-------+-----------+------+      +------+-------+-----------+------+
| 0054 |  LSRB |         ~ |      |      | 0074 |   LSR |        ex |      |
+------+-------+-----------+------+      +------+-------+-----------+------+
| 0055 |                          |      | 0075 |   EIM |        ex |    * |
+------+-------+-----------+------+      +------+-------+-----------+------+
| 0056 |  RORB |         ~ |      |      | 0076 |   ROR |        ex |      |
+------+-------+-----------+------+      +------+-------+-----------+------+
| 0057 |  ASRB |         ~ |      |      | 0077 |   ASR |        ex |      |
+------+-------+-----------+------+      +------+-------+-----------+------+
| 0058 |  LSLB |         ~ |      |      | 0078 |   LSL |        ex |      |
+------+-------+-----------+------+      +------+-------+-----------+------+
| 0059 |  ROLB |         ~ |      |      | 0079 |   ROL |        ex |      |
+------+-------+-----------+------+      +------+-------+-----------+------+
| 005A |  DECB |         ~ |      |      | 007A |   DEC |        ex |      |
+------+-------+-----------+------+      +------+-------+-----------+------+
| 005B |                          |      | 007B |   TIM |        ex |    * |
+------+-------+-----------+------+      +------+-------+-----------+------+
| 005C |  INCB |         ~ |      |      | 007C |   INC |        ex |      |
+------+-------+-----------+------+      +------+-------+-----------+------+
| 005D |  TSTB |         ~ |      |      | 007D |   TST |        ex |      |
+------+-------+-----------+------+      +------+-------+-----------+------+
| 005E |                          |      | 007E |   JMP |        ex |      |
+------+-------+-----------+------+      +------+-------+-----------+------+
| 005F |  CLRB |         ~ |      |      | 007F |   CLR |        ex |      |
+------+-------+-----------+------+      +------+-------+-----------+------+


+------+-------+-----------+------+      +------+-------+-----------+------+
|   op |  mnem |      mode | 6309 |      |   op |  mnem |      mode | 6309 |
+------+-------+-----------+------+      +------+-------+-----------+------+
| 0080 |  SUBA |         # |      |      | 00A0 |  SUBA |        ix |      |
+------+-------+-----------+------+      +------+-------+-----------+------+
| 0081 |  CMPA |         # |      |      | 00A1 |  CMPA |        ix |      |
+------+-------+-----------+------+      +------+-------+-----------+------+
| 0082 |  SBCA |         # |      |      | 00A2 |  SBCA |        ix |      |
+------+-------+-----------+------+      +------+-------+-----------+------+
| 0083 |  SUBD |         # |      |      | 00A3 |  SUBD |        ix |      |
+------+-------+-----------+------+      +------+-------+-----------+------+
| 0084 |  ANDA |         # |      |      | 00A4 |  ANDA |        ix |      |
+------+-------+-----------+------+      +------+-------+-----------+------+
| 0085 |  BITA |         # |      |      | 00A5 |  BITA |        ix |      |
+------+-------+-----------+------+      +------+-------+-----------+------+
| 0086 |   LDA |         # |      |      | 00A6 |   LDA |        ix |      |
+------+-------+-----------+------+      +------+-------+-----------+------+
| 0087 |                          |      | 00A7 |   STA |        ix |      |
+------+-------+-----------+------+      +------+-------+-----------+------+
| 0088 |  EORA |         # |      |      | 00A8 |  EORA |        ix |      |
+------+-------+-----------+------+      +------+-------+-----------+------+
| 0089 |  ADCA |         # |      |      | 00A9 |  ADCA |        ix |      |
+------+-------+-----------+------+      +------+-------+-----------+------+
| 008A |   ORA |         # |      |      | 00AA |   ORA |        ix |      |
+------+-------+-----------+------+      +------+-------+-----------+------+
| 008B |  ADDA |         # |      |      | 00AB |  ADDA |        ix |      |
+------+-------+-----------+------+      +------+-------+-----------+------+
| 008C |  CMPX |         # |      |      | 00AC |  CMPX |        ix |      |
+------+-------+-----------+------+      +------+-------+-----------+------+
| 008D |   BSR |       rel |      |      | 00AD |   JSR |        ix |      |
+------+-------+-----------+------+      +------+-------+-----------+------+
| 008E |   LDX |         # |      |      | 00AE |   LDX |        ix |      |
+------+-------+-----------+------+      +------+-------+-----------+------+
| 008F |                          |      | 00AF |   STX |        ix |      |
+------+-------+-----------+------+      +------+-------+-----------+------+
| 0090 |  SUBA |        dp |      |      | 00B0 |  SUBA |        ex |      |
+------+-------+-----------+------+      +------+-------+-----------+------+
| 0091 |  CMPA |        dp |      |      | 00B1 |  CMPA |        ex |      |
+------+-------+-----------+------+      +------+-------+-----------+------+
| 0092 |  SBCA |        dp |      |      | 00B2 |  SBCA |        ex |      |
+------+-------+-----------+------+      +------+-------+-----------+------+
| 0093 |  SUBD |        dp |      |      | 00B3 |  SUBD |        ex |      |
+------+-------+-----------+------+      +------+-------+-----------+------+
| 0094 |  ANDA |        dp |      |      | 00B4 |  ANDA |        ex |      |
+------+-------+-----------+------+      +------+-------+-----------+------+
| 0095 |  BITA |        dp |      |      | 00B5 |  BITA |        ex |      |
+------+-------+-----------+------+      +------+-------+-----------+------+
| 0096 |   LDA |        dp |      |      | 00B6 |   LDA |        ex |      |
+------+-------+-----------+------+      +------+-------+-----------+------+
| 0097 |   STA |        dp |      |      | 00B7 |   STA |        ex |      |
+------+-------+-----------+------+      +------+-------+-----------+------+
| 0098 |  EORA |        dp |      |      | 00B8 |  EORA |        ex |      |
+------+-------+-----------+------+      +------+-------+-----------+------+
| 0099 |  ADCA |        dp |      |      | 00B9 |  ADCA |        ex |      |
+------+-------+-----------+------+      +------+-------+-----------+------+
| 009A |   ORA |        dp |      |      | 00BA |   ORA |        ex |      |
+------+-------+-----------+------+      +------+-------+-----------+------+
| 009B |  ADDA |        dp |      |      | 00BB |  ADDA |        ex |      |
+------+-------+-----------+------+      +------+-------+-----------+------+
| 009C |  CMPX |        dp |      |      | 00BC |  CMPX |        ex |      |
+------+-------+-----------+------+      +------+-------+-----------+------+
| 009D |   JSR |        dp |      |      | 00BD |   JSR |        ex |      |
+------+-------+-----------+------+      +------+-------+-----------+------+
| 009E |   LDX |        dp |      |      | 00BE |   LDX |        ex |      |
+------+-------+-----------+------+      +------+-------+-----------+------+
| 009F |   STX |        dp |      |      | 00BF |   STX |        ex |      |
+------+-------+-----------+------+      +------+-------+-----------+------+


+------+-------+-----------+------+      +------+-------+-----------+------+
|   op |  mnem |      mode | 6309 |      |   op |  mnem |      mode | 6309 |
+------+-------+-----------+------+      +------+-------+-----------+------+
| 00C0 |  SUBB |         # |      |      | 00E0 |  SUBB |        ix |      |
+------+-------+-----------+------+      +------+-------+-----------+------+
| 00C1 |  CMPB |         # |      |      | 00E1 |  CMPB |        ix |      |
+------+-------+-----------+------+      +------+-------+-----------+------+
| 00C2 |  SBCB |         # |      |      | 00E2 |  SBCB |        ix |      |
+------+-------+-----------+------+      +------+-------+-----------+------+
| 00C3 |  ADDD |         # |      |      | 00E3 |  ADDD |        ix |      |
+------+-------+-----------+------+      +------+-------+-----------+------+
| 00C4 |  ANDB |         # |      |      | 00E4 |  ANDB |        ix |      |
+------+-------+-----------+------+      +------+-------+-----------+------+
| 00C5 |  BITB |         # |      |      | 00E5 |  BITB |        ix |      |
+------+-------+-----------+------+      +------+-------+-----------+------+
| 00C6 |   LDB |         # |      |      | 00E6 |   LDB |        ix |      |
+------+-------+-----------+------+      +------+-------+-----------+------+
| 00C7 |                          |      | 00E7 |   STB |        ix |      |
+------+-------+-----------+------+      +------+-------+-----------+------+
| 00C8 |  EORB |         # |      |      | 00E8 |  EORB |        ix |      |
+------+-------+-----------+------+      +------+-------+-----------+------+
| 00C9 |  ADCB |         # |      |      | 00E9 |  ADCB |        ix |      |
+------+-------+-----------+------+      +------+-------+-----------+------+
| 00CA |   ORB |         # |      |      | 00EA |   ORB |        ix |      |
+------+-------+-----------+------+      +------+-------+-----------+------+
| 00CB |  ADDB |         # |      |      | 00EB |  ADDB |        ix |      |
+------+-------+-----------+------+      +------+-------+-----------+------+
| 00CC |   LDD |         # |      |      | 00EC |   LDD |        ix |      |
+------+-------+-----------+------+      +------+-------+-----------+------+
| 00CD |   LDQ |         # |    * |      | 00ED |   STD |        ix |      |
+------+-------+-----------+------+      +------+-------+-----------+------+
| 00CE |   LDU |         # |      |      | 00EE |   LDU |        ix |      |
+------+-------+-----------+------+      +------+-------+-----------+------+
| 00CF |                          |      | 00EF |   STU |        ix |      |
+------+-------+-----------+------+      +------+-------+-----------+------+
| 00D0 |  SUBB |        dp |      |      | 00F0 |  SUBB |        ex |      |
+------+-------+-----------+------+      +------+-------+-----------+------+
| 00D1 |  CMPB |        dp |      |      | 00F1 |  CMPB |        ex |      |
+------+-------+-----------+------+      +------+-------+-----------+------+
| 00D2 |  SBCB |        dp |      |      | 00F2 |  SBCB |        ex |      |
+------+-------+-----------+------+      +------+-------+-----------+------+
| 00D3 |  ADDD |        dp |      |      | 00F3 |  ADDD |        ex |      |
+------+-------+-----------+------+      +------+-------+-----------+------+
| 00D4 |  ANDB |        dp |      |      | 00F4 |  ANDB |        ex |      |
+------+-------+-----------+------+      +------+-------+-----------+------+
| 00D5 |  BITB |        dp |      |      | 00F5 |  BITB |        ex |      |
+------+-------+-----------+------+      +------+-------+-----------+------+
| 00D6 |   LDB |        dp |      |      | 00F6 |   LDB |        ex |      |
+------+-------+-----------+------+      +------+-------+-----------+------+
| 00D7 |   STB |        dp |      |      | 00F7 |   STB |        ex |      |
+------+-------+-----------+------+      +------+-------+-----------+------+
| 00D8 |  EORB |        dp |      |      | 00F8 |  EORB |        ex |      |
+------+-------+-----------+------+      +------+-------+-----------+------+
| 00D9 |  ADCB |        dp |      |      | 00F9 |  ADCB |        ex |      |
+------+-------+-----------+------+      +------+-------+-----------+------+
| 00DA |   ORB |        dp |      |      | 00FA |   ORB |        ex |      |
+------+-------+-----------+------+      +------+-------+-----------+------+
| 00DB |  ADDB |        dp |      |      | 00FB |  ADDB |        ex |      |
+------+-------+-----------+------+      +------+-------+-----------+------+
| 00DC |   LDD |        dp |      |      | 00FC |   LDD |        ex |      |
+------+-------+-----------+------+      +------+-------+-----------+------+
| 00DD |   STD |        dp |      |      | 00FD |   STD |        ex |      |
+------+-------+-----------+------+      +------+-------+-----------+------+
| 00DE |   LDU |        dp |      |      | 00FE |   LDU |        ex |      |
+------+-------+-----------+------+      +------+-------+-----------+------+
| 00DF |   STU |        dp |      |      | 00FF |   STU |        ex |      |
+------+-------+-----------+------+      +------+-------+-----------+------+


+------+-------+-----------+------+      +------+-------+-----------+------+
|   op |  mnem |      mode | 6309 |      |   op |  mnem |      mode | 6309 |
+------+-------+-----------+------+      +------+-------+-----------+------+
| 1000 |                          |      | 1020 |                          |
+------+-------+-----------+------+      +------+-------+-----------+------+
| 1001 |                          |      | 1021 |  LBRN |     rel16 |      |
+------+-------+-----------+------+      +------+-------+-----------+------+
| 1002 |                          |      | 1022 |  LBHI |     rel16 |      |
+------+-------+-----------+------+      +------+-------+-----------+------+
| 1003 |                          |      | 1023 |  LBLS |     rel16 |      |
+------+-------+-----------+------+      +------+-------+-----------+------+
| 1004 |                          |      | 1024 |  LBHS |     rel16 |      |
+------+-------+-----------+------+      +------+-------+-----------+------+
| 1005 |                          |      | 1025 |  LBLO |     rel16 |      |
+------+-------+-----------+------+      +------+-------+-----------+------+
| 1006 |                          |      | 1026 |  LBNE |     rel16 |      |
+------+-------+-----------+------+      +------+-------+-----------+------+
| 1007 |                          |      | 1027 |  LBEQ |     rel16 |      |
+------+-------+-----------+------+      +------+-------+-----------+------+
| 1008 |                          |      | 1028 |  LBVC |     rel16 |      |
+------+-------+-----------+------+      +------+-------+-----------+------+
| 1009 |                          |      | 1029 |  LBVS |     rel16 |      |
+------+-------+-----------+------+      +------+-------+-----------+------+
| 100A |                          |      | 102A |  LBPL |     rel16 |      |
+------+-------+-----------+------+      +------+-------+-----------+------+
| 100B |                          |      | 102B |  LBMI |     rel16 |      |
+------+-------+-----------+------+      +------+-------+-----------+------+
| 100C |                          |      | 102C |  LBGE |     rel16 |      |
+------+-------+-----------+------+      +------+-------+-----------+------+
| 100D |                          |      | 102D |  LBLT |     rel16 |      |
+------+-------+-----------+------+      +------+-------+-----------+------+
| 100E |                          |      | 102E |  LBGT |     rel16 |      |
+------+-------+-----------+------+      +------+-------+-----------+------+
| 100F |                          |      | 102F |  LBLE |     rel16 |      |
+------+-------+-----------+------+      +------+-------+-----------+------+
| 1010 |                          |      | 1030 |  ADDR |       r,r |    * |
+------+-------+-----------+------+      +------+-------+-----------+------+
| 1011 |                          |      | 1031 |  ADCR |       r,r |    * |
+------+-------+-----------+------+      +------+-------+-----------+------+
| 1012 |                          |      | 1032 |  SUBR |       r,r |    * |
+------+-------+-----------+------+      +------+-------+-----------+------+
| 1013 |                          |      | 1033 |  SBCR |       r,r |    * |
+------+-------+-----------+------+      +------+-------+-----------+------+
| 1014 |                          |      | 1034 |  ANDR |       r,r |    * |
+------+-------+-----------+------+      +------+-------+-----------+------+
| 1015 |                          |      | 1035 |   ORR |       r,r |    * |
+------+-------+-----------+------+      +------+-------+-----------+------+
| 1016 |                          |      | 1036 |  EORR |       r,r |    * |
+------+-------+-----------+------+      +------+-------+-----------+------+
| 1017 |                          |      | 1037 |  CMPR |       r,r |    * |
+------+-------+-----------+------+      +------+-------+-----------+------+
| 1018 |                          |      | 1038 | PSHSW |        st |    * |
+------+-------+-----------+------+      +------+-------+-----------+------+
| 1019 |                          |      | 1039 | PULSW |        st |    * |
+------+-------+-----------+------+      +------+-------+-----------+------+
| 101A |                          |      | 103A | PSHUW |        st |    * |
+------+-------+-----------+------+      +------+-------+-----------+------+
| 101B |                          |      | 103B | PULUW |        st |    * |
+------+-------+-----------+------+      +------+-------+-----------+------+
| 101C |                          |      | 103C |                          |
+------+-------+-----------+------+      +------+-------+-----------+------+
| 101D |                          |      | 103D |                          |
+------+-------+-----------+------+      +------+-------+-----------+------+
| 101E |                          |      | 103E |                          |
+------+-------+-----------+------+      +------+-------+-----------+------+
| 101F |                          |      | 103F |  SWI2 |         ~ |      |
+------+-------+-----------+------+      +------+-------+-----------+------+


+------+-------+-----------+------+      +------+-------+-----------+------+
|   op |  mnem |      mode | 6309 |      |   op |  mnem |      mode | 6309 |
+------+-------+-----------+------+      +------+-------+-----------+------+
| 1040 |  NEGD |         ~ |    * |      | 1060 |                          |
+------+-------+-----------+------+      +------+-------+-----------+------+
| 1041 |                          |      | 1061 |                          |
+------+-------+-----------+------+      +------+-------+-----------+------+
| 1042 |                          |      | 1062 |                          |
+------+-------+-----------+------+      +------+-------+-----------+------+
| 1043 |  COMD |         ~ |      |      | 1063 |                          |
+------+-------+-----------+------+      +------+-------+-----------+------+
| 1044 |  LSRD |         ~ |    * |      | 1064 |                          |
+------+-------+-----------+------+      +------+-------+-----------+------+
| 1045 |                          |      | 1065 |                          |
+------+-------+-----------+------+      +------+-------+-----------+------+
| 1046 |  RORD |         ~ |    * |      | 1066 |                          |
+------+-------+-----------+------+      +------+-------+-----------+------+
| 1047 |  ASRD |         ~ |    * |      | 1067 |                          |
+------+-------+-----------+------+      +------+-------+-----------+------+
| 1048 |  LSLD |         ~ |    * |      | 1068 |                          |
+------+-------+-----------+------+      +------+-------+-----------+------+
| 1049 |  ROLD |         ~ |    * |      | 1069 |                          |
+------+-------+-----------+------+      +------+-------+-----------+------+
| 104A |  DECD |         ~ |      |      | 106A |                          |
+------+-------+-----------+------+      +------+-------+-----------+------+
| 104B |                          |      | 106B |                          |
+------+-------+-----------+------+      +------+-------+-----------+------+
| 104C |  INCD |         ~ |      |      | 106C |                          |
+------+-------+-----------+------+      +------+-------+-----------+------+
| 104D |  TSTD |         ~ |      |      | 106D |                          |
+------+-------+-----------+------+      +------+-------+-----------+------+
| 104E |                          |      | 106E |                          |
+------+-------+-----------+------+      +------+-------+-----------+------+
| 104F |  CLRD |         ~ |      |      | 106F |                          |
+------+-------+-----------+------+      +------+-------+-----------+------+
| 1050 |                          |      | 1070 |                          |
+------+-------+-----------+------+      +------+-------+-----------+------+
| 1051 |                          |      | 1071 |                          |
+------+-------+-----------+------+      +------+-------+-----------+------+
| 1052 |                          |      | 1072 |                          |
+------+-------+-----------+------+      +------+-------+-----------+------+
| 1053 |  COMW |         ~ |    * |      | 1073 |                          |
+------+-------+-----------+------+      +------+-------+-----------+------+
| 1054 |  LSRW |         ~ |    * |      | 1074 |                          |
+------+-------+-----------+------+      +------+-------+-----------+------+
| 1055 |                          |      | 1075 |                          |
+------+-------+-----------+------+      +------+-------+-----------+------+
| 1056 |  RORW |         ~ |    * |      | 1076 |                          |
+------+-------+-----------+------+      +------+-------+-----------+------+
| 1057 |                          |      | 1077 |                          |
+------+-------+-----------+------+      +------+-------+-----------+------+
| 1058 |                          |      | 1078 |                          |
+------+-------+-----------+------+      +------+-------+-----------+------+
| 1059 |  ROLW |         ~ |    * |      | 1079 |                          |
+------+-------+-----------+------+      +------+-------+-----------+------+
| 105A |  DECW |         ~ |    * |      | 107A |                          |
+------+-------+-----------+------+      +------+-------+-----------+------+
| 105B |                          |      | 107B |                          |
+------+-------+-----------+------+      +------+-------+-----------+------+
| 105C |  INCW |         ~ |    * |      | 107C |                          |
+------+-------+-----------+------+      +------+-------+-----------+------+
| 105D |  TSTW |         ~ |    * |      | 107D |                          |
+------+-------+-----------+------+      +------+-------+-----------+------+
| 105E |                          |      | 107E |                          |
+------+-------+-----------+------+      +------+-------+-----------+------+
| 105F |  CLRW |         ~ |    * |      | 107F |                          |
+------+-------+-----------+------+      +------+-------+-----------+------+


+------+-------+-----------+------+      +------+-------+-----------+------+
|   op |  mnem |      mode | 6309 |      |   op |  mnem |      mode | 6309 |
+------+-------+-----------+------+      +------+-------+-----------+------+
| 1080 |  SUBW |         # |    * |      | 10A0 |  SUBW |        ix |    * |
+------+-------+-----------+------+      +------+-------+-----------+------+
| 1081 |  CMPW |         # |    * |      | 10A1 |  CMPW |        ix |    * |
+------+-------+-----------+------+      +------+-------+-----------+------+
| 1082 |  SBCD |         # |    * |      | 10A2 |  SBCD |        ix |    * |
+------+-------+-----------+------+      +------+-------+-----------+------+
| 1083 |  CMPD |         # |      |      | 10A3 |  CMPD |        ix |      |
+------+-------+-----------+------+      +------+-------+-----------+------+
| 1084 |  ANDD |         # |    * |      | 10A4 |  ANDD |        ix |    * |
+------+-------+-----------+------+      +------+-------+-----------+------+
| 1085 |  BITD |         # |      |      | 10A5 |  BITD |        ix |      |
+------+-------+-----------+------+      +------+-------+-----------+------+
| 1086 |   LDW |         # |    * |      | 10A6 |   LDW |        ix |    * |
+------+-------+-----------+------+      +------+-------+-----------+------+
| 1087 |                          |      | 10A7 |   STW |        ix |    * |
+------+-------+-----------+------+      +------+-------+-----------+------+
| 1088 |  EORD |         # |    * |      | 10A8 |  EORD |        ix |    * |
+------+-------+-----------+------+      +------+-------+-----------+------+
| 1089 |  ADCD |         # |    * |      | 10A9 |  ADCD |        ix |    * |
+------+-------+-----------+------+      +------+-------+-----------+------+
| 108A |   ORD |         # |    * |      | 10AA |   ORD |        ix |    * |
+------+-------+-----------+------+      +------+-------+-----------+------+
| 108B |  ADDW |         # |    * |      | 10AB |  ADDW |        ix |    * |
+------+-------+-----------+------+      +------+-------+-----------+------+
| 108C |  CMPY |         # |      |      | 10AC |  CMPY |        ix |      |
+------+-------+-----------+------+      +------+-------+-----------+------+
| 108D |                          |      | 10AD |                          |
+------+-------+-----------+------+      +------+-------+-----------+------+
| 108E |   LDY |         # |      |      | 10AE |   LDY |        ix |      |
+------+-------+-----------+------+      +------+-------+-----------+------+
| 108F |                          |      | 10AF |   STY |        ix |      |
+------+-------+-----------+------+      +------+-------+-----------+------+
| 1090 |  SUBW |        dp |    * |      | 10B0 |  SUBW |        ex |    * |
+------+-------+-----------+------+      +------+-------+-----------+------+
| 1091 |  CMPW |        dp |    * |      | 10B1 |  CMPW |        ex |    * |
+------+-------+-----------+------+      +------+-------+-----------+------+
| 1092 |  SBCD |        dp |    * |      | 10B2 |  SBCD |        ex |    * |
+------+-------+-----------+------+      +------+-------+-----------+------+
| 1093 |  CMPD |        dp |      |      | 10B3 |  CMPD |        ex |      |
+------+-------+-----------+------+      +------+-------+-----------+------+
| 1094 |  ANDD |        dp |    * |      | 10B4 |  ANDD |        ex |    * |
+------+-------+-----------+------+      +------+-------+-----------+------+
| 1095 |  BITD |        dp |      |      | 10B5 |  BITD |        ex |      |
+------+-------+-----------+------+      +------+-------+-----------+------+
| 1096 |   LDW |        dp |    * |      | 10B6 |   LDW |        ex |    * |
+------+-------+-----------+------+      +------+-------+-----------+------+
| 1097 |   STW |        dp |    * |      | 10B7 |   STW |        ex |    * |
+------+-------+-----------+------+      +------+-------+-----------+------+
| 1098 |  EORD |        dp |    * |      | 10B8 |  EORD |        ex |    * |
+------+-------+-----------+------+      +------+-------+-----------+------+
| 1099 |  ADCD |        dp |    * |      | 10B9 |  ADCD |        ex |    * |
+------+-------+-----------+------+      +------+-------+-----------+------+
| 109A |   ORD |        dp |    * |      | 10BA |   ORD |        ex |    * |
+------+-------+-----------+------+      +------+-------+-----------+------+
| 109B |  ADDW |        dp |    * |      | 10BB |  ADDW |        ex |    * |
+------+-------+-----------+------+      +------+-------+-----------+------+
| 109C |  CMPY |        dp |      |      | 10BC |  CMPY |        ex |      |
+------+-------+-----------+------+      +------+-------+-----------+------+
| 109D |                          |      | 10BD |                          |
+------+-------+-----------+------+      +------+-------+-----------+------+
| 109E |   LDY |        dp |      |      | 10BE |   LDY |        ex |      |
+------+-------+-----------+------+      +------+-------+-----------+------+
| 109F |   STY |        dp |      |      | 10BF |   STY |        ex |      |
+------+-------+-----------+------+      +------+-------+-----------+------+


+------+-------+-----------+------+      +------+-------+-----------+------+
|   op |  mnem |      mode | 6309 |      |   op |  mnem |      mode | 6309 |
+------+-------+-----------+------+      +------+-------+-----------+------+
| 10C0 |                          |      | 10E0 |                          |
+------+-------+-----------+------+      +------+-------+-----------+------+
| 10C1 |                          |      | 10E1 |                          |
+------+-------+-----------+------+      +------+-------+-----------+------+
| 10C2 |                          |      | 10E2 |                          |
+------+-------+-----------+------+      +------+-------+-----------+------+
| 10C3 |                          |      | 10E3 |                          |
+------+-------+-----------+------+      +------+-------+-----------+------+
| 10C4 |                          |      | 10E4 |                          |
+------+-------+-----------+------+      +------+-------+-----------+------+
| 10C5 |                          |      | 10E5 |                          |
+------+-------+-----------+------+      +------+-------+-----------+------+
| 10C6 |                          |      | 10E6 |                          |
+------+-------+-----------+------+      +------+-------+-----------+------+
| 10C7 |                          |      | 10E7 |                          |
+------+-------+-----------+------+      +------+-------+-----------+------+
| 10C8 |                          |      | 10E8 |                          |
+------+-------+-----------+------+      +------+-------+-----------+------+
| 10C9 |                          |      | 10E9 |                          |
+------+-------+-----------+------+      +------+-------+-----------+------+
| 10CA |                          |      | 10EA |                          |
+------+-------+-----------+------+      +------+-------+-----------+------+
| 10CB |                          |      | 10EB |                          |
+------+-------+-----------+------+      +------+-------+-----------+------+
| 10CC |                          |      | 10EC |   LDQ |        ix |    * |
+------+-------+-----------+------+      +------+-------+-----------+------+
| 10CD |                          |      | 10ED |   STQ |        ix |    * |
+------+-------+-----------+------+      +------+-------+-----------+------+
| 10CE |   LDS |         # |      |      | 10EE |   LDS |        ix |      |
+------+-------+-----------+------+      +------+-------+-----------+------+
| 10CF |                          |      | 10EF |   STS |        ix |      |
+------+-------+-----------+------+      +------+-------+-----------+------+
| 10D0 |                          |      | 10F0 |                          |
+------+-------+-----------+------+      +------+-------+-----------+------+
| 10D1 |                          |      | 10F1 |                          |
+------+-------+-----------+------+      +------+-------+-----------+------+
| 10D2 |                          |      | 10F2 |                          |
+------+-------+-----------+------+      +------+-------+-----------+------+
| 10D3 |                          |      | 10F3 |                          |
+------+-------+-----------+------+      +------+-------+-----------+------+
| 10D4 |                          |      | 10F4 |                          |
+------+-------+-----------+------+      +------+-------+-----------+------+
| 10D5 |                          |      | 10F5 |                          |
+------+-------+-----------+------+      +------+-------+-----------+------+
| 10D6 |                          |      | 10F6 |                          |
+------+-------+-----------+------+      +------+-------+-----------+------+
| 10D7 |                          |      | 10F7 |                          |
+------+-------+-----------+------+      +------+-------+-----------+------+
| 10D8 |                          |      | 10F8 |                          |
+------+-------+-----------+------+      +------+-------+-----------+------+
| 10D9 |                          |      | 10F9 |                          |
+------+-------+-----------+------+      +------+-------+-----------+------+
| 10DA |                          |      | 10FA |                          |
+------+-------+-----------+------+      +------+-------+-----------+------+
| 10DB |                          |      | 10FB |                          |
+------+-------+-----------+------+      +------+-------+-----------+------+
| 10DC |   LDQ |        dp |    * |      | 10FC |   LDQ |        ex |    * |
+------+-------+-----------+------+      +------+-------+-----------+------+
| 10DD |   STQ |        dp |    * |      | 10FD |   STQ |        ex |    * |
+------+-------+-----------+------+      +------+-------+-----------+------+
| 10DE |   LDS |        dp |      |      | 10FE |   LDS |        ex |      |
+------+-------+-----------+------+      +------+-------+-----------+------+
| 10DF |   STS |        dp |      |      | 10FF |   STS |        ex |      |
+------+-------+-----------+------+      +------+-------+-----------+------+


+------+-------+-----------+------+      +------+-------+-----------+------+
|   op |  mnem |      mode | 6309 |      |   op |  mnem |      mode | 6309 |
+------+-------+-----------+------+      +------+-------+-----------+------+
| 1100 |                          |      | 1120 |                          |
+------+-------+-----------+------+      +------+-------+-----------+------+
| 1101 |                          |      | 1121 |                          |
+------+-------+-----------+------+      +------+-------+-----------+------+
| 1102 |                          |      | 1122 |                          |
+------+-------+-----------+------+      +------+-------+-----------+------+
| 1103 |                          |      | 1123 |                          |
+------+-------+-----------+------+      +------+-------+-----------+------+
| 1104 |                          |      | 1124 |                          |
+------+-------+-----------+------+      +------+-------+-----------+------+
| 1105 |                          |      | 1125 |                          |
+------+-------+-----------+------+      +------+-------+-----------+------+
| 1106 |                          |      | 1126 |                          |
+------+-------+-----------+------+      +------+-------+-----------+------+
| 1107 |                          |      | 1127 |                          |
+------+-------+-----------+------+      +------+-------+-----------+------+
| 1108 |                          |      | 1128 |                          |
+------+-------+-----------+------+      +------+-------+-----------+------+
| 1109 |                          |      | 1129 |                          |
+------+-------+-----------+------+      +------+-------+-----------+------+
| 110A |                          |      | 112A |                          |
+------+-------+-----------+------+      +------+-------+-----------+------+
| 110B |                          |      | 112B |                          |
+------+-------+-----------+------+      +------+-------+-----------+------+
| 110C |                          |      | 112C |                          |
+------+-------+-----------+------+      +------+-------+-----------+------+
| 110D |                          |      | 112D |                          |
+------+-------+-----------+------+      +------+-------+-----------+------+
| 110E |                          |      | 112E |                          |
+------+-------+-----------+------+      +------+-------+-----------+------+
| 110F |                          |      | 112F |                          |
+------+-------+-----------+------+      +------+-------+-----------+------+
| 1110 |                          |      | 1130 |  BAND | rr.n,qq.k |    * |
+------+-------+-----------+------+      +------+-------+-----------+------+
| 1111 |                          |      | 1131 | BIAND | rr.n,qq.k |    * |
+------+-------+-----------+------+      +------+-------+-----------+------+
| 1112 |                          |      | 1132 |   BOR | rr.n,qq.k |    * |
+------+-------+-----------+------+      +------+-------+-----------+------+
| 1113 |                          |      | 1133 |  BIOR | rr.n,qq.k |    * |
+------+-------+-----------+------+      +------+-------+-----------+------+
| 1114 |                          |      | 1134 |  BEOR | rr.n,qq.k |    * |
+------+-------+-----------+------+      +------+-------+-----------+------+
| 1115 |                          |      | 1135 | BIEOR | rr.n,qq.k |    * |
+------+-------+-----------+------+      +------+-------+-----------+------+
| 1116 |                          |      | 1136 |  LDBT | rr.n,qq.k |    * |
+------+-------+-----------+------+      +------+-------+-----------+------+
| 1117 |                          |      | 1137 |  STBT | rr.n,qq.k |    * |
+------+-------+-----------+------+      +------+-------+-----------+------+
| 1118 |                          |      | 1138 |   TFM |     r+,r+ |    * |
+------+-------+-----------+------+      +------+-------+-----------+------+
| 1119 |                          |      | 1139 |   TFM |     r-,r- |    * |
+------+-------+-----------+------+      +------+-------+-----------+------+
| 111A |                          |      | 113A |   TFM |      r+,r |    * |
+------+-------+-----------+------+      +------+-------+-----------+------+
| 111B |                          |      | 113B |   TFM |      r,r+ |    * |
+------+-------+-----------+------+      +------+-------+-----------+------+
| 111C |                          |      | 113C | BITMD |         # |    * |
+------+-------+-----------+------+      +------+-------+-----------+------+
| 111D |                          |      | 113D |  LDMD |         # |    * |
+------+-------+-----------+------+      +------+-------+-----------+------+
| 111E |                          |      | 113E |                          |
+------+-------+-----------+------+      +------+-------+-----------+------+
| 111F |                          |      | 113F |  SWI3 |         ~ |      |
+------+-------+-----------+------+      +------+-------+-----------+------+


+------+-------+-----------+------+      +------+-------+-----------+------+
|   op |  mnem |      mode | 6309 |      |   op |  mnem |      mode | 6309 |
+------+-------+-----------+------+      +------+-------+-----------+------+
| 1140 |                          |      | 1160 |                          |
+------+-------+-----------+------+      +------+-------+-----------+------+
| 1141 |                          |      | 1161 |                          |
+------+-------+-----------+------+      +------+-------+-----------+------+
| 1142 |                          |      | 1162 |                          |
+------+-------+-----------+------+      +------+-------+-----------+------+
| 1143 |  COME |         ~ |    * |      | 1163 |                          |
+------+-------+-----------+------+      +------+-------+-----------+------+
| 1144 |                          |      | 1164 |                          |
+------+-------+-----------+------+      +------+-------+-----------+------+
| 1145 |                          |      | 1165 |                          |
+------+-------+-----------+------+      +------+-------+-----------+------+
| 1146 |                          |      | 1166 |                          |
+------+-------+-----------+------+      +------+-------+-----------+------+
| 1147 |                          |      | 1167 |                          |
+------+-------+-----------+------+      +------+-------+-----------+------+
| 1148 |                          |      | 1168 |                          |
+------+-------+-----------+------+      +------+-------+-----------+------+
| 1149 |                          |      | 1169 |                          |
+------+-------+-----------+------+      +------+-------+-----------+------+
| 114A |  DECE |         ~ |    * |      | 116A |                          |
+------+-------+-----------+------+      +------+-------+-----------+------+
| 114B |                          |      | 116B |                          |
+------+-------+-----------+------+      +------+-------+-----------+------+
| 114C |  INCE |         ~ |    * |      | 116C |                          |
+------+-------+-----------+------+      +------+-------+-----------+------+
| 114D |  TSTE |         ~ |    * |      | 116D |                          |
+------+-------+-----------+------+      +------+-------+-----------+------+
| 114E |                          |      | 116E |                          |
+------+-------+-----------+------+      +------+-------+-----------+------+
| 114F |  CLRE |         ~ |    * |      | 116F |                          |
+------+-------+-----------+------+      +------+-------+-----------+------+
| 1150 |                          |      | 1170 |                          |
+------+-------+-----------+------+      +------+-------+-----------+------+
| 1151 |                          |      | 1171 |                          |
+------+-------+-----------+------+      +------+-------+-----------+------+
| 1152 |                          |      | 1172 |                          |
+------+-------+-----------+------+      +------+-------+-----------+------+
| 1153 |  COMF |         ~ |    * |      | 1173 |                          |
+------+-------+-----------+------+      +------+-------+-----------+------+
| 1154 |                          |      | 1174 |                          |
+------+-------+-----------+------+      +------+-------+-----------+------+
| 1155 |                          |      | 1175 |                          |
+------+-------+-----------+------+      +------+-------+-----------+------+
| 1156 |                          |      | 1176 |                          |
+------+-------+-----------+------+      +------+-------+-----------+------+
| 1157 |                          |      | 1177 |                          |
+------+-------+-----------+------+      +------+-------+-----------+------+
| 1158 |                          |      | 1178 |                          |
+------+-------+-----------+------+      +------+-------+-----------+------+
| 1159 |                          |      | 1179 |                          |
+------+-------+-----------+------+      +------+-------+-----------+------+
| 115A |  DECF |         ~ |    * |      | 117A |                          |
+------+-------+-----------+------+      +------+-------+-----------+------+
| 115B |                          |      | 117B |                          |
+------+-------+-----------+------+      +------+-------+-----------+------+
| 115C |  INCF |         ~ |    * |      | 117C |                          |
+------+-------+-----------+------+      +------+-------+-----------+------+
| 115D |  TSTF |         ~ |    * |      | 117D |                          |
+------+-------+-----------+------+      +------+-------+-----------+------+
| 115E |                          |      | 117E |                          |
+------+-------+-----------+------+      +------+-------+-----------+------+
| 115F |  CLRF |         ~ |    * |      | 117F |                          |
+------+-------+-----------+------+      +------+-------+-----------+------+


+------+-------+-----------+------+      +------+-------+-----------+------+
|   op |  mnem |      mode | 6309 |      |   op |  mnem |      mode | 6309 |
+------+-------+-----------+------+      +------+-------+-----------+------+
| 1180 |  SUBE |         # |    * |      | 11A0 |  SUBE |        ix |    * |
+------+-------+-----------+------+      +------+-------+-----------+------+
| 1181 |  CMPE |         # |    * |      | 11A1 |  CMPE |        ix |    * |
+------+-------+-----------+------+      +------+-------+-----------+------+
| 1182 |                          |      | 11A2 |                          |
+------+-------+-----------+------+      +------+-------+-----------+------+
| 1183 |  CMPU |         # |      |      | 11A3 |  CMPU |        ix |      |
+------+-------+-----------+------+      +------+-------+-----------+------+
| 1184 |                          |      | 11A4 |                          |
+------+-------+-----------+------+      +------+-------+-----------+------+
| 1185 |                          |      | 11A5 |                          |
+------+-------+-----------+------+      +------+-------+-----------+------+
| 1186 |   LDE |         # |    * |      | 11A6 |   LDE |        ix |    * |
+------+-------+-----------+------+      +------+-------+-----------+------+
| 1187 |                          |      | 11A7 |   STE |        ix |    * |
+------+-------+-----------+------+      +------+-------+-----------+------+
| 1188 |                          |      | 11A8 |                          |
+------+-------+-----------+------+      +------+-------+-----------+------+
| 1189 |                          |      | 11A9 |                          |
+------+-------+-----------+------+      +------+-------+-----------+------+
| 118A |                          |      | 11AA |                          |
+------+-------+-----------+------+      +------+-------+-----------+------+
| 118B |  ADDE |         # |    * |      | 11AB |  ADDE |        ix |    * |
+------+-------+-----------+------+      +------+-------+-----------+------+
| 118C |  CMPS |         # |      |      | 11AC |  CMPS |        ix |      |
+------+-------+-----------+------+      +------+-------+-----------+------+
| 118D |  DIVD |         # |    * |      | 11AD |  DIVD |        ix |    * |
+------+-------+-----------+------+      +------+-------+-----------+------+
| 118E |  DIVQ |         # |    * |      | 11AE |  DIVQ |        ix |    * |
+------+-------+-----------+------+      +------+-------+-----------+------+
| 118F |  MULD |         # |    * |      | 11AF |  MULD |        ix |    * |
+------+-------+-----------+------+      +------+-------+-----------+------+
| 1190 |  SUBE |        dp |    * |      | 11B0 |  SUBE |        ex |    * |
+------+-------+-----------+------+      +------+-------+-----------+------+
| 1191 |  CMPE |        dp |    * |      | 11B1 |  CMPE |        ex |    * |
+------+-------+-----------+------+      +------+-------+-----------+------+
| 1192 |                          |      | 11B2 |                          |
+------+-------+-----------+------+      +------+-------+-----------+------+
| 1193 |  CMPU |        dp |      |      | 11B3 |  CMPU |        ex |      |
+------+-------+-----------+------+      +------+-------+-----------+------+
| 1194 |                          |      | 11B4 |                          |
+------+-------+-----------+------+      +------+-------+-----------+------+
| 1195 |                          |      | 11B5 |                          |
+------+-------+-----------+------+      +------+-------+-----------+------+
| 1196 |   LDE |        dp |    * |      | 11B6 |   LDE |        ex |    * |
+------+-------+-----------+------+      +------+-------+-----------+------+
| 1197 |   STE |        dp |    * |      | 11B7 |   STE |        ex |    * |
+------+-------+-----------+------+      +------+-------+-----------+------+
| 1198 |                          |      | 11B8 |                          |
+------+-------+-----------+------+      +------+-------+-----------+------+
| 1199 |                          |      | 11B9 |                          |
+------+-------+-----------+------+      +------+-------+-----------+------+
| 119A |                          |      | 11BA |                          |
+------+-------+-----------+------+      +------+-------+-----------+------+
| 119B |  ADDE |        dp |    * |      | 11BB |  ADDE |        ex |    * |
+------+-------+-----------+------+      +------+-------+-----------+------+
| 119C |  CMPS |        dp |      |      | 11BC |  CMPS |        ex |      |
+------+-------+-----------+------+      +------+-------+-----------+------+
| 119D |  DIVD |        dp |    * |      | 11BD |  DIVD |        ex |    * |
+------+-------+-----------+------+      +------+-------+-----------+------+
| 119E |  DIVQ |        dp |    * |      | 11BE |  DIVQ |        ex |    * |
+------+-------+-----------+------+      +------+-------+-----------+------+
| 119F |  MULD |        dp |    * |      | 11BF |  MULD |        ex |    * |
+------+-------+-----------+------+      +------+-------+-----------+------+


+------+-------+-----------+------+      +------+-------+-----------+------+
|   op |  mnem |      mode | 6309 |      |   op |  mnem |      mode | 6309 |
+------+-------+-----------+------+      +------+-------+-----------+------+
| 11C0 |  SUBF |         # |    * |      | 11E0 |  SUBF |        ix |    * |
+------+-------+-----------+------+      +------+-------+-----------+------+
| 11C1 |  CMPF |         # |    * |      | 11E1 |  CMPF |        ix |    * |
+------+-------+-----------+------+      +------+-------+-----------+------+
| 11C2 |                          |      | 11E2 |                          |
+------+-------+-----------+------+      +------+-------+-----------+------+
| 11C3 |                          |      | 11E3 |                          |
+------+-------+-----------+------+      +------+-------+-----------+------+
| 11C4 |                          |      | 11E4 |                          |
+------+-------+-----------+------+      +------+-------+-----------+------+
| 11C5 |                          |      | 11E5 |                          |
+------+-------+-----------+------+      +------+-------+-----------+------+
| 11C6 |   LDF |         # |    * |      | 11E6 |   LDF |        ix |    * |
+------+-------+-----------+------+      +------+-------+-----------+------+
| 11C7 |                          |      | 11E7 |   STF |        ix |    * |
+------+-------+-----------+------+      +------+-------+-----------+------+
| 11C8 |                          |      | 11E8 |                          |
+------+-------+-----------+------+      +------+-------+-----------+------+
| 11C9 |                          |      | 11E9 |                          |
+------+-------+-----------+------+      +------+-------+-----------+------+
| 11CA |                          |      | 11EA |                          |
+------+-------+-----------+------+      +------+-------+-----------+------+
| 11CB |  ADDF |         # |    * |      | 11EB |  ADDF |        ix |    * |
+------+-------+-----------+------+      +------+-------+-----------+------+
| 11CC |                          |      | 11EC |                          |
+------+-------+-----------+------+      +------+-------+-----------+------+
| 11CD |                          |      | 11ED |                          |
+------+-------+-----------+------+      +------+-------+-----------+------+
| 11CE |                          |      | 11EE |                          |
+------+-------+-----------+------+      +------+-------+-----------+------+
| 11CF |                          |      | 11EF |                          |
+------+-------+-----------+------+      +------+-------+-----------+------+
| 11D0 |  SUBF |        dp |    * |      | 11F0 |  SUBF |        ex |    * |
+------+-------+-----------+------+      +------+-------+-----------+------+
| 11D1 |  CMPF |        dp |    * |      | 11F1 |  CMPF |        ex |    * |
+------+-------+-----------+------+      +------+-------+-----------+------+
| 11D2 |                          |      | 11F2 |                          |
+------+-------+-----------+------+      +------+-------+-----------+------+
| 11D3 |                          |      | 11F3 |                          |
+------+-------+-----------+------+      +------+-------+-----------+------+
| 11D4 |                          |      | 11F4 |                          |
+------+-------+-----------+------+      +------+-------+-----------+------+
| 11D5 |                          |      | 11F5 |                          |
+------+-------+-----------+------+      +------+-------+-----------+------+
| 11D6 |   LDF |        dp |    * |      | 11F6 |   LDF |        ex |    * |
+------+-------+-----------+------+      +------+-------+-----------+------+
| 11D7 |   STF |        dp |    * |      | 11F7 |   STF |        ex |    * |
+------+-------+-----------+------+      +------+-------+-----------+------+
| 11D8 |                          |      | 11F8 |                          |
+------+-------+-----------+------+      +------+-------+-----------+------+
| 11D9 |                          |      | 11F9 |                          |
+------+-------+-----------+------+      +------+-------+-----------+------+
| 11DA |                          |      | 11FA |                          |
+------+-------+-----------+------+      +------+-------+-----------+------+
| 11DB |  ADDF |        dp |    * |      | 11FB |  ADDF |        ex |    * |
+------+-------+-----------+------+      +------+-------+-----------+------+
| 11DC |                          |      | 11FC |                          |
+------+-------+-----------+------+      +------+-------+-----------+------+
| 11DD |                          |      | 11FD |                          |
+------+-------+-----------+------+      +------+-------+-----------+------+
| 11DE |                          |      | 11FE |                          |
+------+-------+-----------+------+      +------+-------+-----------+------+
| 11DF |                          |      | 11FF |                          |
+------+-------+-----------+------+      +------+-------+-----------+------+
